13:05:01.0831 [INFO] sysbus: Logging already enabled: False.
13:05:01.0869 [INFO] sysbus: Logging already enabled: True.
13:05:01.0869 [INFO] sysbus: Logging already enabled: False.
13:05:01.0884 [INFO] sysbus: Logging already enabled: True.
13:05:01.0884 [INFO] sysbus: Logging already enabled: False.
13:05:01.0899 [INFO] sysbus: Logging already enabled: True.
13:05:01.0899 [INFO] sysbus: Logging already enabled: False.
13:05:01.0913 [INFO] sysbus: Logging already enabled: True.
13:05:01.1067 [INFO] cpu0: Setting initial values: PC = 0xEB, SP = 0x20041F00.
13:05:01.1102 [INFO] cpu1: Setting initial values: PC = 0xEB, SP = 0x20041F00.
13:05:01.1105 [INFO] raspberry_pico: Machine started.
13:05:01.1388 [INFO] sio: [cpu0: 0xEA] ReadUInt32 from 0x0 (CPUID), returned 0x0.
13:05:01.1388 [INFO] sio: [cpu1: 0xEA] ReadUInt32 from 0x0 (CPUID), returned 0x1.
13:05:01.1424 [INFO] sio: [cpu1: 0x144] ReadUInt32 from 0x58 (FIFO_RD), returned 0x0.
13:05:01.1425 [INFO] sio: [cpu1: 0x144] ReadUInt32 from 0x50 (FIFO_ST), returned 0xA.
13:05:01.1443 [WARNING] sysbus: Write of value 0x0 to an unimplemented register SYSCFG:PROC0_NMI_MASK (0x40004000) generated from SVD.
13:05:01.1444 [WARNING] sysbus: Write of value 0x0 to an unimplemented register SYSCFG:PROC1_NMI_MASK (0x40004004) generated from SVD.
13:05:01.1447 [WARNING] sysbus: Read from an unimplemented register VREG_AND_CHIP_RESET:CHIP_RESET (0x40064008), returning a value from SVD: 0x0.
13:05:01.1450 [WARNING] sysbus: [cpu0: 0x19A] WriteDoubleWord to non existing peripheral at 0x4000F000, value 0x100.
13:05:01.1455 [WARNING] sysbus: [cpu0: 0x19A] (tag: 'RESET_DONE') ReadDoubleWord from non existing peripheral at 0x4000C008, returning 0xFFFFFFFF.
13:05:01.1455 [INFO] sio: [cpu1: 0x136] ReadUInt32 from 0x50 (FIFO_ST), returned 0xA.
13:05:01.1457 [WARNING] pads: Unhandled read from offset 0x6C.
13:05:01.1458 [WARNING] pads: Unhandled write to offset 0x6C, value 0x0.
13:05:01.1458 [WARNING] pads: Unhandled read from offset 0x70.
13:05:01.1458 [WARNING] pads: Unhandled write to offset 0x70, value 0x0.
13:05:01.1458 [WARNING] pads: Unhandled read from offset 0x74.
13:05:01.1459 [WARNING] pads: Unhandled write to offset 0x74, value 0x0.
13:05:01.1459 [WARNING] pads: Unhandled read from offset 0x78.
13:05:01.1459 [WARNING] pads: Unhandled write to offset 0x78, value 0x0.
13:05:01.1460 [INFO] sio: [cpu1: 0x13C] WriteUInt32 to 0x54 (FIFO_WR), value 0x0.
13:05:01.1473 [WARNING] sysbus: [cpu0: 0x196] WriteDoubleWord to non existing peripheral at 0x4000E000, value 0x200240.
13:05:01.1473 [WARNING] sysbus: [cpu0: 0x196] WriteDoubleWord to non existing peripheral at 0x4000F000, value 0x200240.
13:05:01.1473 [WARNING] sysbus: [cpu0: 0x196] (tag: 'RESET_DONE') ReadDoubleWord from non existing peripheral at 0x4000C008, returning 0xFFFFFFFF.
13:05:01.1473 [WARNING] sysbus: Read from an unimplemented register TBMAN:PLATFORM (0x4006C000), returning a value from SVD: 0x5.
13:05:01.1474 [INFO] sio: [cpu0: 0x250E] ReadUInt32 from 0x8 (GPIO_HI_IN), returned 0x2.
13:05:01.1475 [INFO] sio: [cpu0: 0x250A] ReadUInt32 from 0x8 (GPIO_HI_IN), returned 0x2.
13:05:01.1475 [INFO] sio: [cpu0: 0x250A] ReadUInt32 from 0x8 (GPIO_HI_IN), returned 0x2.
13:05:01.1475 [INFO] sio: [cpu0: 0x250A] ReadUInt32 from 0x8 (GPIO_HI_IN), returned 0x2.
13:05:01.1475 [INFO] sio: [cpu0: 0x250A] ReadUInt32 from 0x8 (GPIO_HI_IN), returned 0x2.
13:05:01.1475 [INFO] sio: [cpu0: 0x250A] ReadUInt32 from 0x8 (GPIO_HI_IN), returned 0x2.
13:05:01.1476 [INFO] sio: [cpu0: 0x250A] ReadUInt32 from 0x8 (GPIO_HI_IN), returned 0x2.
13:05:01.1476 [INFO] sio: [cpu0: 0x250A] ReadUInt32 from 0x8 (GPIO_HI_IN), returned 0x2.
13:05:01.1476 [INFO] sio: [cpu0: 0x250A] ReadUInt32 from 0x8 (GPIO_HI_IN), returned 0x2.
13:05:01.1476 [WARNING] sysbus: [cpu0: 0x196] WriteDoubleWord to non existing peripheral at 0x4000E000, value 0x240.
13:05:01.1476 [WARNING] sysbus: [cpu0: 0x196] WriteDoubleWord to non existing peripheral at 0x4000F000, value 0x240.
13:05:01.1476 [WARNING] sysbus: [cpu0: 0x196] (tag: 'RESET_DONE') ReadDoubleWord from non existing peripheral at 0x4000C008, returning 0xFFFFFFFF.
13:05:01.1488 [WARNING] xip_ssi.xip_flash: Transmission finished in unexpected state: RecognizeOperation
13:05:01.1489 [WARNING] xip_ssi.xip_flash: Transmission finished in unexpected state: RecognizeOperation
13:05:01.1551 [WARNING] xip_ssi.xip_flash: Unhandled operation: 0x0
13:05:01.1554 [WARNING] xip_ssi.xip_flash: Unhandled operation while processing byte: 0x0
13:05:01.1554 [WARNING] xip_ssi.xip_flash: Unhandled operation while processing byte: 0x0
13:05:01.1554 [WARNING] xip_ssi.xip_flash: Unhandled operation while processing byte: 0x0
13:05:01.1558 [INFO] sio: [cpu1: 0x182] ReadUInt32 from 0x50 (FIFO_ST), returned 0xA.
13:05:01.1568 [WARNING] xip_ssi.xip_flash: Unhandled operation while processing byte: 0x0
13:05:01.1572 [WARNING] xip_ssi.xip_flash: Unhandled operation while processing byte: 0x0
13:05:01.1576 [WARNING] xip_ssi.xip_flash: Unhandled operation while processing byte: 0x0
13:05:01.1579 [WARNING] xip_ssi.xip_flash: Unhandled operation while processing byte: 0x0
13:05:01.1584 [WARNING] xip_ssi.xip_flash: Unhandled operation: 0xFF
13:05:01.1588 [WARNING] xip_ssi.xip_flash: Unhandled operation while processing byte: 0x0
13:05:01.1588 [WARNING] xip_ssi.xip_flash: Transmission finished in unexpected state: RecognizeOperation
13:05:01.2835 [WARNING] sysbus: Write of value 0x1 to an unimplemented register XIP_CTRL:FLUSH (0x14000004) generated from SVD.
13:05:01.2836 [WARNING] sysbus: Read from an unimplemented register XIP_CTRL:FLUSH (0x14000004), returning a value from SVD: 0x0.
13:05:01.2836 [WARNING] sysbus: [cpu0: 0x2350] WriteDoubleWord to non existing peripheral at 0x14002000, value 0x1.
13:05:01.2870 [WARNING] qspi_pads: Unhandled write to offset 0x4. Unhandled bits: [0] when writing value 0x21. Tags: SLEWFAST (0x1).
13:05:01.2871 [WARNING] xip_ssi.xip_flash: Transmission finished in unexpected state: RecognizeOperation
13:05:01.2880 [WARNING] xip_ssi.xip_flash: Unhandled operation while processing byte: 0x7
13:05:01.2880 [WARNING] xip_ssi.xip_flash: Unhandled operation while processing byte: 0x7
13:05:01.2882 [WARNING] xip_ssi.xip_flash: Unhandled operation while processing byte: 0x7
13:05:01.2884 [WARNING] xip_ssi.xip_flash: Unhandled operation while processing byte: 0x7
13:05:01.2886 [WARNING] xip_ssi.xip_flash: Unhandled operation while processing byte: 0x7
13:05:01.2887 [WARNING] xip_ssi.xip_flash: Unhandled operation while processing byte: 0x7
13:05:01.2889 [WARNING] xip_ssi.xip_flash: Unhandled operation while processing byte: 0x7
13:05:01.2899 [INFO] sio: [cpu0: 0x100001F6] ReadUInt32 from 0x0 (CPUID), returned 0x0.
13:05:01.2900 [WARNING] sysbus: [cpu0: 0x10001AE8] WriteDoubleWord to non existing peripheral at 0x4000E000, value 0xFEFBCDBF.
13:05:01.2900 [WARNING] sysbus: [cpu0: 0x10001AE8] WriteDoubleWord to non existing peripheral at 0x4000F000, value 0x3C7FFE.
13:05:01.2900 [WARNING] sysbus: [cpu0: 0x10001AE8] (tag: 'RESET_DONE') ReadDoubleWord from non existing peripheral at 0x4000C008, returning 0xFFFFFFFF.
13:05:01.2905 [WARNING] sysbus: Read from an unimplemented register TBMAN:PLATFORM (0x4006C000), returning a value from SVD: 0x5.
13:05:01.2910 [INFO] sio: [cpu0: 0x10003440] ReadUInt32 from 0x78 (DIV_CSR), returned 0x0.
13:05:01.2911 [INFO] sio: [cpu0: 0x10003448] WriteUInt32 to 0x60 (DIV_UDIVIDEND), value 0xB71B00.
13:05:01.2912 [INFO] sio: [cpu0: 0x10003448] WriteUInt32 to 0x64 (DIV_UDIVISOR), value 0x1.
13:05:01.2913 [INFO] sio: [cpu0: 0x10003456] ReadUInt32 from 0x74 (DIV_REMAINDER), returned 0x0.
13:05:01.2913 [INFO] sio: [cpu0: 0x10003456] ReadUInt32 from 0x70 (DIV_QUOTIENT), returned 0xB71B00.
13:05:01.2913 [INFO] sio: [cpu0: 0x10003440] ReadUInt32 from 0x78 (DIV_CSR), returned 0x1.
13:05:01.2914 [INFO] sio: [cpu0: 0x10003440] WriteUInt32 to 0x60 (DIV_UDIVIDEND), value 0x59682F00.
13:05:01.2914 [INFO] sio: [cpu0: 0x10003440] WriteUInt32 to 0x64 (DIV_UDIVISOR), value 0xB71B00.
13:05:01.2914 [INFO] sio: [cpu0: 0x10003440] ReadUInt32 from 0x74 (DIV_REMAINDER), returned 0x0.
13:05:01.2915 [INFO] sio: [cpu0: 0x10003440] ReadUInt32 from 0x70 (DIV_QUOTIENT), returned 0x7D.
13:05:01.2915 [WARNING] sysbus: [cpu0: 0x10001A32] WriteDoubleWord to non existing peripheral at 0x4000E000, value 0x1000.
13:05:01.2915 [WARNING] sysbus: [cpu0: 0x10001A32] WriteDoubleWord to non existing peripheral at 0x4000F000, value 0x1000.
13:05:01.2915 [WARNING] sysbus: [cpu0: 0x10001A32] (tag: 'RESET_DONE') ReadDoubleWord from non existing peripheral at 0x4000C008, returning 0xFFFFFFFF.
13:05:01.2918 [INFO] sio: [cpu0: 0x10003440] ReadUInt32 from 0x78 (DIV_CSR), returned 0x1.
13:05:01.2919 [INFO] sio: [cpu0: 0x10003440] WriteUInt32 to 0x60 (DIV_UDIVIDEND), value 0xB71B00.
13:05:01.2919 [INFO] sio: [cpu0: 0x10003440] WriteUInt32 to 0x64 (DIV_UDIVISOR), value 0x1.
13:05:01.2919 [INFO] sio: [cpu0: 0x10003440] ReadUInt32 from 0x74 (DIV_REMAINDER), returned 0x0.
13:05:01.2919 [INFO] sio: [cpu0: 0x10003440] ReadUInt32 from 0x70 (DIV_QUOTIENT), returned 0xB71B00.
13:05:01.2919 [INFO] sio: [cpu0: 0x10003440] ReadUInt32 from 0x78 (DIV_CSR), returned 0x1.
13:05:01.2920 [INFO] sio: [cpu0: 0x10003440] WriteUInt32 to 0x60 (DIV_UDIVIDEND), value 0x47868C00.
13:05:01.2920 [INFO] sio: [cpu0: 0x10003440] WriteUInt32 to 0x64 (DIV_UDIVISOR), value 0xB71B00.
13:05:01.2920 [INFO] sio: [cpu0: 0x10003440] ReadUInt32 from 0x74 (DIV_REMAINDER), returned 0x0.
13:05:01.2920 [INFO] sio: [cpu0: 0x10003440] ReadUInt32 from 0x70 (DIV_QUOTIENT), returned 0x64.
13:05:01.2920 [WARNING] sysbus: [cpu0: 0x10001A24] WriteDoubleWord to non existing peripheral at 0x4000E000, value 0x2000.
13:05:01.2921 [WARNING] sysbus: [cpu0: 0x10001A24] WriteDoubleWord to non existing peripheral at 0x4000F000, value 0x2000.
13:05:01.2921 [WARNING] sysbus: [cpu0: 0x10001A24] (tag: 'RESET_DONE') ReadDoubleWord from non existing peripheral at 0x4000C008, returning 0xFFFFFFFF.
13:05:01.2923 [WARNING] clocks: Unhandled write to offset 0x30. Unhandled bits: [11] when writing value 0x802. Tags: RESERVED (0x10).
13:05:01.2925 [WARNING] clocks: Unhandled write to offset 0x3C. Unhandled bits: [11] when writing value 0x801. Tags: RESERVED (0x8).
13:05:01.2937 [WARNING] clocks: Unhandled read from offset 0x4C.
13:05:01.2937 [WARNING] clocks: Unhandled write to offset 0x4C, value 0x100.
13:05:01.2938 [WARNING] clocks: Unhandled write to offset 0x4C, value 0x100.
13:05:01.2938 [WARNING] sysbus: [cpu0: 0x10001B1E] WriteDoubleWord to non existing peripheral at 0x4000F000, value 0x1FFFFFF.
13:05:01.2938 [WARNING] sysbus: [cpu0: 0x10001B1E] (tag: 'RESET_DONE') ReadDoubleWord from non existing peripheral at 0x4000C008, returning 0xFFFFFFFF.
13:05:01.2939 [WARNING] pads: Unhandled read from offset 0x78.
13:05:01.2939 [WARNING] pads: Unhandled write to offset 0x78, value 0x0.
13:05:01.2939 [WARNING] pads: Unhandled read from offset 0x74.
13:05:01.2939 [WARNING] pads: Unhandled write to offset 0x74, value 0x0.
13:05:01.2939 [WARNING] pads: Unhandled read from offset 0x70.
13:05:01.2940 [WARNING] pads: Unhandled write to offset 0x70, value 0x0.
13:05:01.2940 [WARNING] pads: Unhandled read from offset 0x6C.
13:05:01.2940 [WARNING] pads: Unhandled write to offset 0x6C, value 0x0.
13:05:01.2946 [INFO] sio: [cpu0: 0x1000049E] WriteUInt32 to 0x100 (SPINLOCK_0), value 0x0.
13:05:01.2946 [INFO] sio: [cpu0: 0x1000049E] WriteUInt32 to 0x104 (SPINLOCK_1), value 0x0.
13:05:01.2946 [INFO] sio: [cpu0: 0x1000049E] WriteUInt32 to 0x108 (SPINLOCK_2), value 0x0.
13:05:01.2947 [INFO] sio: [cpu0: 0x1000049E] WriteUInt32 to 0x10C (SPINLOCK_3), value 0x0.
13:05:01.2947 [INFO] sio: [cpu0: 0x1000049E] WriteUInt32 to 0x110 (SPINLOCK_4), value 0x0.
13:05:01.2947 [INFO] sio: [cpu0: 0x1000049E] WriteUInt32 to 0x114 (SPINLOCK_5), value 0x0.
13:05:01.2948 [INFO] sio: [cpu0: 0x1000049E] WriteUInt32 to 0x118 (SPINLOCK_6), value 0x0.
13:05:01.2948 [INFO] sio: [cpu0: 0x1000049E] WriteUInt32 to 0x11C (SPINLOCK_7), value 0x0.
13:05:01.2948 [INFO] sio: [cpu0: 0x1000049E] WriteUInt32 to 0x120 (SPINLOCK_8), value 0x0.
13:05:01.2948 [INFO] sio: [cpu0: 0x1000049E] WriteUInt32 to 0x124 (SPINLOCK_9), value 0x0.
13:05:01.2949 [INFO] sio: [cpu0: 0x1000049E] WriteUInt32 to 0x128 (SPINLOCK_10), value 0x0.
13:05:01.2949 [INFO] sio: [cpu0: 0x1000049E] WriteUInt32 to 0x12C (SPINLOCK_11), value 0x0.
13:05:01.2949 [INFO] sio: [cpu0: 0x1000049E] WriteUInt32 to 0x130 (SPINLOCK_12), value 0x0.
13:05:01.2950 [INFO] sio: [cpu0: 0x1000049E] WriteUInt32 to 0x134 (SPINLOCK_13), value 0x0.
13:05:01.2950 [INFO] sio: [cpu0: 0x1000049E] WriteUInt32 to 0x138 (SPINLOCK_14), value 0x0.
13:05:01.2950 [INFO] sio: [cpu0: 0x1000049E] WriteUInt32 to 0x13C (SPINLOCK_15), value 0x0.
13:05:01.2951 [INFO] sio: [cpu0: 0x1000049E] WriteUInt32 to 0x140 (SPINLOCK_16), value 0x0.
13:05:01.2951 [INFO] sio: [cpu0: 0x1000049E] WriteUInt32 to 0x144 (SPINLOCK_17), value 0x0.
13:05:01.2951 [INFO] sio: [cpu0: 0x1000049E] WriteUInt32 to 0x148 (SPINLOCK_18), value 0x0.
13:05:01.2951 [INFO] sio: [cpu0: 0x1000049E] WriteUInt32 to 0x14C (SPINLOCK_19), value 0x0.
13:05:01.2952 [INFO] sio: [cpu0: 0x1000049E] WriteUInt32 to 0x150 (SPINLOCK_20), value 0x0.
13:05:01.2952 [INFO] sio: [cpu0: 0x1000049E] WriteUInt32 to 0x154 (SPINLOCK_21), value 0x0.
13:05:01.2952 [INFO] sio: [cpu0: 0x1000049E] WriteUInt32 to 0x158 (SPINLOCK_22), value 0x0.
13:05:01.2952 [INFO] sio: [cpu0: 0x1000049E] WriteUInt32 to 0x15C (SPINLOCK_23), value 0x0.
13:05:01.2953 [INFO] sio: [cpu0: 0x1000049E] WriteUInt32 to 0x160 (SPINLOCK_24), value 0x0.
13:05:01.2953 [INFO] sio: [cpu0: 0x1000049E] WriteUInt32 to 0x164 (SPINLOCK_25), value 0x0.
13:05:01.2953 [INFO] sio: [cpu0: 0x1000049E] WriteUInt32 to 0x168 (SPINLOCK_26), value 0x0.
13:05:01.2953 [INFO] sio: [cpu0: 0x1000049E] WriteUInt32 to 0x16C (SPINLOCK_27), value 0x0.
13:05:01.2953 [INFO] sio: [cpu0: 0x1000049E] WriteUInt32 to 0x170 (SPINLOCK_28), value 0x0.
13:05:01.2954 [INFO] sio: [cpu0: 0x1000049E] WriteUInt32 to 0x174 (SPINLOCK_29), value 0x0.
13:05:01.2954 [INFO] sio: [cpu0: 0x1000049E] WriteUInt32 to 0x178 (SPINLOCK_30), value 0x0.
13:05:01.2954 [INFO] sio: [cpu0: 0x1000049E] WriteUInt32 to 0x17C (SPINLOCK_31), value 0x0.
13:05:01.2954 [INFO] sio: [cpu0: 0x10000458] ReadUInt32 from 0x12C (SPINLOCK_11), returned 0x800.
13:05:01.2955 [INFO] sio: [cpu0: 0x10000482] WriteUInt32 to 0x12C (SPINLOCK_11), value 0x0.
13:05:01.2955 [INFO] sio: [cpu0: 0x100011DA] ReadUInt32 from 0x128 (SPINLOCK_10), returned 0x400.
13:05:01.2956 [INFO] sio: [cpu0: 0x100011FA] WriteUInt32 to 0x128 (SPINLOCK_10), value 0x0.
13:05:01.2957 [INFO] sio: [cpu0: 0x10001084] ReadUInt32 from 0x128 (SPINLOCK_10), returned 0x400.
13:05:01.2957 [INFO] sio: [cpu0: 0x10000506] ReadUInt32 from 0x124 (SPINLOCK_9), returned 0x200.
13:05:01.2957 [INFO] sio: [cpu0: 0x10000538] WriteUInt32 to 0x124 (SPINLOCK_9), value 0x0.
13:05:01.2965 [INFO] sio: [cpu0: 0x100010C0] WriteUInt32 to 0x128 (SPINLOCK_10), value 0x0.
13:05:01.2966 [INFO] sio: [cpu0: 0x10000B90] ReadUInt32 from 0x0 (CPUID), returned 0x0.
13:05:01.2968 [WARNING] pads: Unhandled read from offset 0x4.
13:05:01.2968 [WARNING] pads: Unhandled write to offset 0x4, value 0x40.
13:05:01.2969 [INFO] clocks: Update of GPIO mapping for pin: 0 function: UART0_TX
13:05:01.2972 [WARNING] pads: Unhandled read from offset 0x8.
13:05:01.2972 [WARNING] pads: Unhandled write to offset 0x8, value 0x40.
13:05:01.2972 [INFO] clocks: Update of GPIO mapping for pin: 1 function: UART0_RX
13:05:01.2973 [WARNING] sysbus: [cpu0: 0x100015C2] WriteDoubleWord to non existing peripheral at 0x4000E000, value 0x400000.
13:05:01.2973 [WARNING] sysbus: [cpu0: 0x100015C2] WriteDoubleWord to non existing peripheral at 0x4000F000, value 0x400000.
13:05:01.2973 [WARNING] sysbus: [cpu0: 0x100015C2] (tag: 'RESET_DONE') ReadDoubleWord from non existing peripheral at 0x4000C008, returning 0xFFFFFFFF.
13:05:01.2974 [INFO] sio: [cpu0: 0x10003440] ReadUInt32 from 0x78 (DIV_CSR), returned 0x1.
13:05:01.2974 [INFO] sio: [cpu0: 0x10003440] WriteUInt32 to 0x60 (DIV_UDIVIDEND), value 0x3B9ACA00.
13:05:01.2974 [INFO] sio: [cpu0: 0x10003440] WriteUInt32 to 0x64 (DIV_UDIVISOR), value 0x1C200.
13:05:01.2974 [INFO] sio: [cpu0: 0x10003440] ReadUInt32 from 0x74 (DIV_REMAINDER), returned 0xFA00.
13:05:01.2974 [INFO] sio: [cpu0: 0x10003440] ReadUInt32 from 0x70 (DIV_QUOTIENT), returned 0x21E8.
13:05:01.2980 [INFO] sio: [cpu0: 0x10003440] ReadUInt32 from 0x78 (DIV_CSR), returned 0x1.
13:05:01.2980 [INFO] sio: [cpu0: 0x10003440] WriteUInt32 to 0x60 (DIV_UDIVIDEND), value 0x1DCD6500.
13:05:01.2981 [INFO] sio: [cpu0: 0x10003440] WriteUInt32 to 0x64 (DIV_UDIVISOR), value 0x10F4.
13:05:01.2981 [INFO] sio: [cpu0: 0x10003440] ReadUInt32 from 0x74 (DIV_REMAINDER), returned 0x654.
13:05:01.2981 [INFO] sio: [cpu0: 0x10003440] ReadUInt32 from 0x70 (DIV_QUOTIENT), returned 0x1C207.
13:05:01.2982 [INFO] sio: [cpu0: 0x10000404] WriteUInt32 to 0x28 (GPIO_OE_CLR), value 0x2000000.
13:05:01.2984 [INFO] sio: [cpu0: 0x10000404] WriteUInt32 to 0x18 (GPIO_OUT_CLR), value 0x2000000.
13:05:01.2984 [WARNING] pads: Unhandled read from offset 0x68.
13:05:01.2985 [WARNING] pads: Unhandled write to offset 0x68, value 0x40.
13:05:01.2985 [INFO] clocks: Update of GPIO mapping for pin: 25 function: SIO
13:05:01.2985 [INFO] sio: [cpu0: 0x10000360] WriteUInt32 to 0x24 (GPIO_OE_SET), value 0x2000000.
13:05:01.2988 [INFO] sio: [cpu0: 0x200000D4] ReadUInt32 from 0x140 (SPINLOCK_16), returned 0x10000.
13:05:01.2988 [INFO] sio: [cpu0: 0x20000142] ReadUInt32 from 0x0 (CPUID), returned 0x0.
13:05:01.2988 [INFO] sio: [cpu0: 0x20000150] WriteUInt32 to 0x140 (SPINLOCK_16), value 0x0.
13:05:01.2998 [INFO] sio: [cpu0: 0x20000164] ReadUInt32 from 0x140 (SPINLOCK_16), returned 0x10000.
13:05:01.2998 [INFO] sio: [cpu0: 0x20000178] WriteUInt32 to 0x140 (SPINLOCK_16), value 0x0.
13:05:01.2999 [INFO] sio: [cpu0: 0x200000D4] ReadUInt32 from 0x140 (SPINLOCK_16), returned 0x10000.
13:05:01.2999 [INFO] sio: [cpu0: 0x200000E0] ReadUInt32 from 0x0 (CPUID), returned 0x0.
13:05:01.3000 [INFO] sio: [cpu0: 0x20000150] WriteUInt32 to 0x140 (SPINLOCK_16), value 0x0.
13:05:01.3002 [INFO] sio: [cpu0: 0x20000164] ReadUInt32 from 0x140 (SPINLOCK_16), returned 0x10000.
13:05:01.3002 [INFO] sio: [cpu0: 0x20000178] WriteUInt32 to 0x140 (SPINLOCK_16), value 0x0.
13:05:01.3003 [INFO] sio: [cpu0: 0x200000D4] ReadUInt32 from 0x140 (SPINLOCK_16), returned 0x10000.
13:05:01.3003 [INFO] sio: [cpu0: 0x200000E0] ReadUInt32 from 0x0 (CPUID), returned 0x0.
13:05:01.3003 [INFO] sio: [cpu0: 0x20000150] WriteUInt32 to 0x140 (SPINLOCK_16), value 0x0.
13:05:01.3005 [INFO] sio: [cpu0: 0x10003440] ReadUInt32 from 0x78 (DIV_CSR), returned 0x1.
13:05:01.3005 [INFO] sio: [cpu0: 0x10003440] WriteUInt32 to 0x60 (DIV_UDIVIDEND), value 0x1130.
13:05:01.3005 [INFO] sio: [cpu0: 0x10003440] WriteUInt32 to 0x64 (DIV_UDIVISOR), value 0xA.
13:05:01.3006 [INFO] sio: [cpu0: 0x10003440] ReadUInt32 from 0x74 (DIV_REMAINDER), returned 0x0.
13:05:01.3006 [INFO] sio: [cpu0: 0x10003440] ReadUInt32 from 0x70 (DIV_QUOTIENT), returned 0x1B8.
13:05:01.3006 [INFO] sio: [cpu0: 0x10003440] ReadUInt32 from 0x78 (DIV_CSR), returned 0x1.
13:05:01.3006 [INFO] sio: [cpu0: 0x10003440] WriteUInt32 to 0x60 (DIV_UDIVIDEND), value 0x1B8.
13:05:01.3007 [INFO] sio: [cpu0: 0x10003440] WriteUInt32 to 0x64 (DIV_UDIVISOR), value 0xA.
13:05:01.3007 [INFO] sio: [cpu0: 0x10003440] ReadUInt32 from 0x74 (DIV_REMAINDER), returned 0x0.
13:05:01.3007 [INFO] sio: [cpu0: 0x10003440] ReadUInt32 from 0x70 (DIV_QUOTIENT), returned 0x2C.
13:05:01.3007 [INFO] sio: [cpu0: 0x10003440] ReadUInt32 from 0x78 (DIV_CSR), returned 0x1.
13:05:01.3008 [INFO] sio: [cpu0: 0x10003440] WriteUInt32 to 0x60 (DIV_UDIVIDEND), value 0x2C.
13:05:01.3008 [INFO] sio: [cpu0: 0x10003440] WriteUInt32 to 0x64 (DIV_UDIVISOR), value 0xA.
13:05:01.3008 [INFO] sio: [cpu0: 0x10003440] ReadUInt32 from 0x74 (DIV_REMAINDER), returned 0x4.
13:05:01.3008 [INFO] sio: [cpu0: 0x10003440] ReadUInt32 from 0x70 (DIV_QUOTIENT), returned 0x4.
13:05:01.3008 [INFO] sio: [cpu0: 0x10003440] ReadUInt32 from 0x78 (DIV_CSR), returned 0x1.
13:05:01.3009 [INFO] sio: [cpu0: 0x10003440] WriteUInt32 to 0x60 (DIV_UDIVIDEND), value 0x4.
13:05:01.3009 [INFO] sio: [cpu0: 0x10003440] WriteUInt32 to 0x64 (DIV_UDIVISOR), value 0xA.
13:05:01.3009 [INFO] sio: [cpu0: 0x10003440] ReadUInt32 from 0x74 (DIV_REMAINDER), returned 0x4.
13:05:01.3009 [INFO] sio: [cpu0: 0x10003440] ReadUInt32 from 0x70 (DIV_QUOTIENT), returned 0x0.
13:05:01.3010 [INFO] sio: [cpu0: 0x10003440] ReadUInt32 from 0x78 (DIV_CSR), returned 0x1.
13:05:01.3010 [INFO] sio: [cpu0: 0x10003440] WriteUInt32 to 0x60 (DIV_UDIVIDEND), value 0x0.
13:05:01.3010 [INFO] sio: [cpu0: 0x10003440] WriteUInt32 to 0x64 (DIV_UDIVISOR), value 0xA.
13:05:01.3010 [INFO] sio: [cpu0: 0x10003440] ReadUInt32 from 0x74 (DIV_REMAINDER), returned 0x0.
13:05:01.3011 [INFO] sio: [cpu0: 0x10003440] ReadUInt32 from 0x70 (DIV_QUOTIENT), returned 0x0.
13:05:01.3011 [INFO] sio: [cpu0: 0x10003440] ReadUInt32 from 0x78 (DIV_CSR), returned 0x1.
13:05:01.3011 [INFO] sio: [cpu0: 0x10003440] WriteUInt32 to 0x60 (DIV_UDIVIDEND), value 0x0.
13:05:01.3011 [INFO] sio: [cpu0: 0x10003440] WriteUInt32 to 0x64 (DIV_UDIVISOR), value 0xA.
13:05:01.3012 [INFO] sio: [cpu0: 0x10003440] ReadUInt32 from 0x74 (DIV_REMAINDER), returned 0x0.
13:05:01.3012 [INFO] sio: [cpu0: 0x10003440] ReadUInt32 from 0x70 (DIV_QUOTIENT), returned 0x0.
13:05:01.3059 [INFO] sio: [cpu0: 0x20000164] ReadUInt32 from 0x140 (SPINLOCK_16), returned 0x10000.
13:05:01.3060 [INFO] sio: [cpu0: 0x20000178] WriteUInt32 to 0x140 (SPINLOCK_16), value 0x0.
13:05:01.3062 [INFO] sio: [cpu0: 0x10000BEC] ReadUInt32 from 0x144 (SPINLOCK_17), returned 0x20000.
13:05:01.3063 [INFO] sio: [cpu0: 0x1000113A] ReadUInt32 from 0x128 (SPINLOCK_10), returned 0x400.
13:05:01.3068 [INFO] sio: [cpu0: 0x100011AE] WriteUInt32 to 0x128 (SPINLOCK_10), value 0x0.
13:05:01.3068 [INFO] sio: [cpu0: 0x10000C80] WriteUInt32 to 0x144 (SPINLOCK_17), value 0x0.
13:05:01.3069 [INFO] sio: [cpu0: 0x10000DD2] ReadUInt32 from 0x128 (SPINLOCK_10), returned 0x400.
13:05:01.3070 [INFO] sio: [cpu0: 0x10000DE2] WriteUInt32 to 0x128 (SPINLOCK_10), value 0x0.
13:05:01.3071 [INFO] sio: [cpu1: 0x182] ReadUInt32 from 0x50 (FIFO_ST), returned 0xA.
13:05:01.3071 [INFO] sio: [cpu0: 0x10000DD2] ReadUInt32 from 0x128 (SPINLOCK_10), returned 0x400.
13:05:01.3072 [INFO] sio: [cpu0: 0x10000DE2] WriteUInt32 to 0x128 (SPINLOCK_10), value 0x0.
13:05:01.6720 [INFO] sio: [cpu0: 0x10000F20] ReadUInt32 from 0x128 (SPINLOCK_10), returned 0x400.
13:05:01.6721 [INFO] sio: [cpu0: 0x10000F6A] WriteUInt32 to 0x128 (SPINLOCK_10), value 0x0.
13:05:01.6721 [INFO] sio: [cpu0: 0x100009C6] ReadUInt32 from 0x144 (SPINLOCK_17), returned 0x20000.
13:05:01.6722 [INFO] sio: [cpu0: 0x10000A1C] WriteUInt32 to 0x144 (SPINLOCK_17), value 0x0.
13:05:01.6723 [INFO] sio: [cpu0: 0x10000872] ReadUInt32 from 0x128 (SPINLOCK_10), returned 0x400.
13:05:01.6723 [INFO] sio: [cpu0: 0x10000882] WriteUInt32 to 0x128 (SPINLOCK_10), value 0x0.
13:05:01.6723 [INFO] sio: [cpu0: 0x10000A66] ReadUInt32 from 0x144 (SPINLOCK_17), returned 0x20000.
13:05:01.6724 [INFO] sio: [cpu0: 0x10000AB2] WriteUInt32 to 0x144 (SPINLOCK_17), value 0x0.
13:05:01.6724 [INFO] sio: [cpu0: 0x100009C6] ReadUInt32 from 0x144 (SPINLOCK_17), returned 0x20000.
13:05:01.6724 [INFO] sio: [cpu0: 0x10000A1C] WriteUInt32 to 0x144 (SPINLOCK_17), value 0x0.
13:05:01.6727 [INFO] sio: [cpu0: 0x10000390] WriteUInt32 to 0x18 (GPIO_OUT_CLR), value 0x2000000.
13:05:01.6728 [INFO] sio: [cpu0: 0x200000D4] ReadUInt32 from 0x140 (SPINLOCK_16), returned 0x10000.
13:05:01.6728 [INFO] sio: [cpu0: 0x200000E0] ReadUInt32 from 0x0 (CPUID), returned 0x0.
13:05:01.6769 [INFO] sio: [cpu0: 0x20000150] WriteUInt32 to 0x140 (SPINLOCK_16), value 0x0.
13:05:01.6770 [INFO] sio: [cpu0: 0x10003440] ReadUInt32 from 0x78 (DIV_CSR), returned 0x1.
13:05:01.6770 [INFO] sio: [cpu0: 0x10003440] WriteUInt32 to 0x60 (DIV_UDIVIDEND), value 0x4A510.
13:05:01.6771 [INFO] sio: [cpu0: 0x10003440] WriteUInt32 to 0x64 (DIV_UDIVISOR), value 0xA.
13:05:01.6771 [INFO] sio: [cpu0: 0x10003440] ReadUInt32 from 0x74 (DIV_REMAINDER), returned 0x0.
13:05:01.6771 [INFO] sio: [cpu0: 0x10003440] ReadUInt32 from 0x70 (DIV_QUOTIENT), returned 0x76E8.
13:05:01.6771 [INFO] sio: [cpu0: 0x10003440] ReadUInt32 from 0x78 (DIV_CSR), returned 0x1.
13:05:01.6772 [INFO] sio: [cpu0: 0x10003440] WriteUInt32 to 0x60 (DIV_UDIVIDEND), value 0x76E8.
13:05:01.6772 [INFO] sio: [cpu0: 0x10003440] WriteUInt32 to 0x64 (DIV_UDIVISOR), value 0xA.
13:05:01.6772 [INFO] sio: [cpu0: 0x10003440] ReadUInt32 from 0x74 (DIV_REMAINDER), returned 0x0.
13:05:01.6772 [INFO] sio: [cpu0: 0x10003440] ReadUInt32 from 0x70 (DIV_QUOTIENT), returned 0xBE4.
13:05:01.6773 [INFO] sio: [cpu0: 0x10003440] ReadUInt32 from 0x78 (DIV_CSR), returned 0x1.
13:05:01.6773 [INFO] sio: [cpu0: 0x10003440] WriteUInt32 to 0x60 (DIV_UDIVIDEND), value 0xBE4.
13:05:01.6773 [INFO] sio: [cpu0: 0x10003440] WriteUInt32 to 0x64 (DIV_UDIVISOR), value 0xA.
13:05:01.6773 [INFO] sio: [cpu0: 0x10003440] ReadUInt32 from 0x74 (DIV_REMAINDER), returned 0x4.
13:05:01.6774 [INFO] sio: [cpu0: 0x10003440] ReadUInt32 from 0x70 (DIV_QUOTIENT), returned 0x130.
13:05:01.6774 [INFO] sio: [cpu0: 0x10003440] ReadUInt32 from 0x78 (DIV_CSR), returned 0x1.
13:05:01.6774 [INFO] sio: [cpu0: 0x10003440] WriteUInt32 to 0x60 (DIV_UDIVIDEND), value 0x130.
13:05:01.6774 [INFO] sio: [cpu0: 0x10003440] WriteUInt32 to 0x64 (DIV_UDIVISOR), value 0xA.
13:05:01.6775 [INFO] sio: [cpu0: 0x10003440] ReadUInt32 from 0x74 (DIV_REMAINDER), returned 0x4.
13:05:01.6775 [INFO] sio: [cpu0: 0x10003440] ReadUInt32 from 0x70 (DIV_QUOTIENT), returned 0x1E.
13:05:01.6775 [INFO] sio: [cpu0: 0x10003440] ReadUInt32 from 0x78 (DIV_CSR), returned 0x1.
13:05:01.6775 [INFO] sio: [cpu0: 0x10003440] WriteUInt32 to 0x60 (DIV_UDIVIDEND), value 0x1E.
13:05:01.6775 [INFO] sio: [cpu0: 0x10003440] WriteUInt32 to 0x64 (DIV_UDIVISOR), value 0xA.
13:05:01.6776 [INFO] sio: [cpu0: 0x10003440] ReadUInt32 from 0x74 (DIV_REMAINDER), returned 0x0.
13:05:01.6776 [INFO] sio: [cpu0: 0x10003440] ReadUInt32 from 0x70 (DIV_QUOTIENT), returned 0x3.
13:05:01.6776 [INFO] sio: [cpu0: 0x10003440] ReadUInt32 from 0x78 (DIV_CSR), returned 0x1.
13:05:01.6776 [INFO] sio: [cpu0: 0x10003440] WriteUInt32 to 0x60 (DIV_UDIVIDEND), value 0x3.
13:05:01.6777 [INFO] sio: [cpu0: 0x10003440] WriteUInt32 to 0x64 (DIV_UDIVISOR), value 0xA.
13:05:01.6777 [INFO] sio: [cpu0: 0x10003440] ReadUInt32 from 0x74 (DIV_REMAINDER), returned 0x3.
13:05:01.6777 [INFO] sio: [cpu0: 0x10003440] ReadUInt32 from 0x70 (DIV_QUOTIENT), returned 0x0.
13:05:01.6777 [INFO] sio: [cpu0: 0x10003440] ReadUInt32 from 0x78 (DIV_CSR), returned 0x1.
13:05:01.6778 [INFO] sio: [cpu0: 0x10003440] WriteUInt32 to 0x60 (DIV_UDIVIDEND), value 0x0.
13:05:01.6778 [INFO] sio: [cpu0: 0x10003440] WriteUInt32 to 0x64 (DIV_UDIVISOR), value 0xA.
13:05:01.6778 [INFO] sio: [cpu0: 0x10003440] ReadUInt32 from 0x74 (DIV_REMAINDER), returned 0x0.
13:05:01.6778 [INFO] sio: [cpu0: 0x10003440] ReadUInt32 from 0x70 (DIV_QUOTIENT), returned 0x0.
13:05:01.6779 [INFO] sio: [cpu0: 0x10003440] ReadUInt32 from 0x78 (DIV_CSR), returned 0x1.
13:05:01.6779 [INFO] sio: [cpu0: 0x10003440] WriteUInt32 to 0x60 (DIV_UDIVIDEND), value 0x0.
13:05:01.6779 [INFO] sio: [cpu0: 0x10003440] WriteUInt32 to 0x64 (DIV_UDIVISOR), value 0xA.
13:05:01.6779 [INFO] sio: [cpu0: 0x10003440] ReadUInt32 from 0x74 (DIV_REMAINDER), returned 0x0.
13:05:01.6779 [INFO] sio: [cpu0: 0x10003440] ReadUInt32 from 0x70 (DIV_QUOTIENT), returned 0x0.
13:05:01.6780 [INFO] sio: [cpu0: 0x20000164] ReadUInt32 from 0x140 (SPINLOCK_16), returned 0x10000.
13:05:01.6780 [INFO] sio: [cpu0: 0x20000178] WriteUInt32 to 0x140 (SPINLOCK_16), value 0x0.
13:05:01.6780 [INFO] sio: [cpu0: 0x10000BEC] ReadUInt32 from 0x144 (SPINLOCK_17), returned 0x20000.
13:05:01.6780 [INFO] sio: [cpu0: 0x1000113A] ReadUInt32 from 0x128 (SPINLOCK_10), returned 0x400.
13:05:01.6780 [INFO] sio: [cpu0: 0x100011AE] WriteUInt32 to 0x128 (SPINLOCK_10), value 0x0.
13:05:01.6781 [INFO] sio: [cpu0: 0x10000C80] WriteUInt32 to 0x144 (SPINLOCK_17), value 0x0.
13:05:01.6781 [INFO] sio: [cpu0: 0x10000DD2] ReadUInt32 from 0x128 (SPINLOCK_10), returned 0x400.
13:05:01.6781 [INFO] sio: [cpu0: 0x10000DE2] WriteUInt32 to 0x128 (SPINLOCK_10), value 0x0.
13:05:01.6782 [INFO] sio: [cpu1: 0x182] ReadUInt32 from 0x50 (FIFO_ST), returned 0xA.
13:05:01.6782 [INFO] sio: [cpu0: 0x10000DD2] ReadUInt32 from 0x128 (SPINLOCK_10), returned 0x400.
13:05:01.6782 [INFO] sio: [cpu0: 0x10000DE2] WriteUInt32 to 0x128 (SPINLOCK_10), value 0x0.
13:05:02.2510 [INFO] sio: [cpu0: 0x10000F20] ReadUInt32 from 0x128 (SPINLOCK_10), returned 0x400.
13:05:02.2511 [INFO] sio: [cpu0: 0x10000F6A] WriteUInt32 to 0x128 (SPINLOCK_10), value 0x0.
13:05:02.2511 [INFO] sio: [cpu0: 0x100009C6] ReadUInt32 from 0x144 (SPINLOCK_17), returned 0x20000.
13:05:02.2511 [INFO] sio: [cpu0: 0x10000A1C] WriteUInt32 to 0x144 (SPINLOCK_17), value 0x0.
13:05:02.2511 [INFO] sio: [cpu0: 0x10000872] ReadUInt32 from 0x128 (SPINLOCK_10), returned 0x400.
13:05:02.2512 [INFO] sio: [cpu0: 0x10000882] WriteUInt32 to 0x128 (SPINLOCK_10), value 0x0.
13:05:02.2512 [INFO] sio: [cpu0: 0x10000A66] ReadUInt32 from 0x144 (SPINLOCK_17), returned 0x20000.
13:05:02.2512 [INFO] sio: [cpu0: 0x10000AB2] WriteUInt32 to 0x144 (SPINLOCK_17), value 0x0.
13:05:02.2512 [INFO] sio: [cpu0: 0x100009C6] ReadUInt32 from 0x144 (SPINLOCK_17), returned 0x20000.
13:05:02.2513 [INFO] sio: [cpu0: 0x10000A1C] WriteUInt32 to 0x144 (SPINLOCK_17), value 0x0.
13:05:02.2513 [INFO] sio: [cpu0: 0x200000D4] ReadUInt32 from 0x140 (SPINLOCK_16), returned 0x10000.
13:05:02.2513 [INFO] sio: [cpu0: 0x200000E0] ReadUInt32 from 0x0 (CPUID), returned 0x0.
13:05:02.2513 [INFO] sio: [cpu0: 0x20000150] WriteUInt32 to 0x140 (SPINLOCK_16), value 0x0.
13:05:02.2514 [INFO] sio: [cpu0: 0x10003440] ReadUInt32 from 0x78 (DIV_CSR), returned 0x1.
13:05:02.2514 [INFO] sio: [cpu0: 0x10003440] WriteUInt32 to 0x60 (DIV_UDIVIDEND), value 0xC4630.
13:05:02.2514 [INFO] sio: [cpu0: 0x10003440] WriteUInt32 to 0x64 (DIV_UDIVISOR), value 0xA.
13:05:02.2514 [INFO] sio: [cpu0: 0x10003440] ReadUInt32 from 0x74 (DIV_REMAINDER), returned 0x0.
13:05:02.2515 [INFO] sio: [cpu0: 0x10003440] ReadUInt32 from 0x70 (DIV_QUOTIENT), returned 0x13A38.
13:05:02.2515 [INFO] sio: [cpu0: 0x10003440] ReadUInt32 from 0x78 (DIV_CSR), returned 0x1.
13:05:02.2515 [INFO] sio: [cpu0: 0x10003440] WriteUInt32 to 0x60 (DIV_UDIVIDEND), value 0x13A38.
13:05:02.2515 [INFO] sio: [cpu0: 0x10003440] WriteUInt32 to 0x64 (DIV_UDIVISOR), value 0xA.
13:05:02.2516 [INFO] sio: [cpu0: 0x10003440] ReadUInt32 from 0x74 (DIV_REMAINDER), returned 0x0.
13:05:02.2516 [INFO] sio: [cpu0: 0x10003440] ReadUInt32 from 0x70 (DIV_QUOTIENT), returned 0x1F6C.
13:05:02.2516 [INFO] sio: [cpu0: 0x10003440] ReadUInt32 from 0x78 (DIV_CSR), returned 0x1.
13:05:02.2516 [INFO] sio: [cpu0: 0x10003440] WriteUInt32 to 0x60 (DIV_UDIVIDEND), value 0x1F6C.
13:05:02.2516 [INFO] sio: [cpu0: 0x10003440] WriteUInt32 to 0x64 (DIV_UDIVISOR), value 0xA.
13:05:02.2517 [INFO] sio: [cpu0: 0x10003440] ReadUInt32 from 0x74 (DIV_REMAINDER), returned 0x4.
13:05:02.2517 [INFO] sio: [cpu0: 0x10003440] ReadUInt32 from 0x70 (DIV_QUOTIENT), returned 0x324.
13:05:02.2517 [INFO] sio: [cpu0: 0x10003440] ReadUInt32 from 0x78 (DIV_CSR), returned 0x1.
13:05:02.2517 [INFO] sio: [cpu0: 0x10003440] WriteUInt32 to 0x60 (DIV_UDIVIDEND), value 0x324.
13:05:02.2518 [INFO] sio: [cpu0: 0x10003440] WriteUInt32 to 0x64 (DIV_UDIVISOR), value 0xA.
13:05:02.2518 [INFO] sio: [cpu0: 0x10003440] ReadUInt32 from 0x74 (DIV_REMAINDER), returned 0x4.
13:05:02.2518 [INFO] sio: [cpu0: 0x10003440] ReadUInt32 from 0x70 (DIV_QUOTIENT), returned 0x50.
13:05:02.2518 [INFO] sio: [cpu0: 0x10003440] ReadUInt32 from 0x78 (DIV_CSR), returned 0x1.
13:05:02.2519 [INFO] sio: [cpu0: 0x10003440] WriteUInt32 to 0x60 (DIV_UDIVIDEND), value 0x50.
13:05:02.2519 [INFO] sio: [cpu0: 0x10003440] WriteUInt32 to 0x64 (DIV_UDIVISOR), value 0xA.
13:05:02.2519 [INFO] sio: [cpu0: 0x10003440] ReadUInt32 from 0x74 (DIV_REMAINDER), returned 0x0.
13:05:02.2519 [INFO] sio: [cpu0: 0x10003440] ReadUInt32 from 0x70 (DIV_QUOTIENT), returned 0x8.
13:05:02.2519 [INFO] sio: [cpu0: 0x10003440] ReadUInt32 from 0x78 (DIV_CSR), returned 0x1.
13:05:02.2520 [INFO] sio: [cpu0: 0x10003440] WriteUInt32 to 0x60 (DIV_UDIVIDEND), value 0x8.
13:05:02.2520 [INFO] sio: [cpu0: 0x10003440] WriteUInt32 to 0x64 (DIV_UDIVISOR), value 0xA.
13:05:02.2520 [INFO] sio: [cpu0: 0x10003440] ReadUInt32 from 0x74 (DIV_REMAINDER), returned 0x8.
13:05:02.2520 [INFO] sio: [cpu0: 0x10003440] ReadUInt32 from 0x70 (DIV_QUOTIENT), returned 0x0.
13:05:02.2521 [INFO] sio: [cpu0: 0x10003440] ReadUInt32 from 0x78 (DIV_CSR), returned 0x1.
13:05:02.2521 [INFO] sio: [cpu0: 0x10003440] WriteUInt32 to 0x60 (DIV_UDIVIDEND), value 0x1.
13:05:02.2522 [INFO] sio: [cpu0: 0x10003440] WriteUInt32 to 0x64 (DIV_UDIVISOR), value 0xA.
13:05:02.2522 [INFO] sio: [cpu0: 0x10003440] ReadUInt32 from 0x74 (DIV_REMAINDER), returned 0x1.
13:05:02.2522 [INFO] sio: [cpu0: 0x10003440] ReadUInt32 from 0x70 (DIV_QUOTIENT), returned 0x0.
13:05:02.2522 [INFO] sio: [cpu0: 0x10003440] ReadUInt32 from 0x78 (DIV_CSR), returned 0x1.
13:05:02.2523 [INFO] sio: [cpu0: 0x10003440] WriteUInt32 to 0x60 (DIV_UDIVIDEND), value 0x1.
13:05:02.2523 [INFO] sio: [cpu0: 0x10003440] WriteUInt32 to 0x64 (DIV_UDIVISOR), value 0xA.
13:05:02.2524 [INFO] sio: [cpu0: 0x10003440] ReadUInt32 from 0x74 (DIV_REMAINDER), returned 0x1.
13:05:02.2524 [INFO] sio: [cpu0: 0x10003440] ReadUInt32 from 0x70 (DIV_QUOTIENT), returned 0x0.
13:05:02.2524 [INFO] sio: [cpu0: 0x20000164] ReadUInt32 from 0x140 (SPINLOCK_16), returned 0x10000.
13:05:02.2525 [INFO] sio: [cpu0: 0x20000178] WriteUInt32 to 0x140 (SPINLOCK_16), value 0x0.
13:05:02.2525 [INFO] sio: [cpu0: 0x10000BEC] ReadUInt32 from 0x144 (SPINLOCK_17), returned 0x20000.
13:05:02.2525 [INFO] sio: [cpu0: 0x1000113A] ReadUInt32 from 0x128 (SPINLOCK_10), returned 0x400.
13:05:02.2526 [INFO] sio: [cpu0: 0x100011AE] WriteUInt32 to 0x128 (SPINLOCK_10), value 0x0.
13:05:02.2526 [INFO] sio: [cpu0: 0x10000C80] WriteUInt32 to 0x144 (SPINLOCK_17), value 0x0.
13:05:02.2526 [INFO] sio: [cpu0: 0x10000DD2] ReadUInt32 from 0x128 (SPINLOCK_10), returned 0x400.
13:05:02.2526 [INFO] sio: [cpu0: 0x10000DE2] WriteUInt32 to 0x128 (SPINLOCK_10), value 0x0.
13:05:02.2527 [INFO] sio: [cpu0: 0x10000DD2] ReadUInt32 from 0x128 (SPINLOCK_10), returned 0x400.
13:05:02.2527 [INFO] sio: [cpu0: 0x10000DE2] WriteUInt32 to 0x128 (SPINLOCK_10), value 0x0.
13:05:02.2527 [INFO] sio: [cpu1: 0x182] ReadUInt32 from 0x50 (FIFO_ST), returned 0xA.
13:05:02.6110 [INFO] sio: [cpu0: 0x10000F20] ReadUInt32 from 0x128 (SPINLOCK_10), returned 0x400.
13:05:02.6110 [INFO] sio: [cpu0: 0x10000F6A] WriteUInt32 to 0x128 (SPINLOCK_10), value 0x0.
13:05:02.6111 [INFO] sio: [cpu0: 0x100009C6] ReadUInt32 from 0x144 (SPINLOCK_17), returned 0x20000.
13:05:02.6111 [INFO] sio: [cpu0: 0x10000A1C] WriteUInt32 to 0x144 (SPINLOCK_17), value 0x0.
13:05:02.6111 [INFO] sio: [cpu0: 0x10000872] ReadUInt32 from 0x128 (SPINLOCK_10), returned 0x400.
13:05:02.6111 [INFO] sio: [cpu0: 0x10000882] WriteUInt32 to 0x128 (SPINLOCK_10), value 0x0.
13:05:02.6112 [INFO] sio: [cpu0: 0x10000A66] ReadUInt32 from 0x144 (SPINLOCK_17), returned 0x20000.
13:05:02.6112 [INFO] sio: [cpu0: 0x10000AB2] WriteUInt32 to 0x144 (SPINLOCK_17), value 0x0.
13:05:02.6112 [INFO] sio: [cpu0: 0x100009C6] ReadUInt32 from 0x144 (SPINLOCK_17), returned 0x20000.
13:05:02.6112 [INFO] sio: [cpu0: 0x10000A1C] WriteUInt32 to 0x144 (SPINLOCK_17), value 0x0.
13:05:02.6113 [INFO] sio: [cpu0: 0x10000390] WriteUInt32 to 0x18 (GPIO_OUT_CLR), value 0x2000000.
13:05:02.6113 [INFO] sio: [cpu0: 0x200000D4] ReadUInt32 from 0x140 (SPINLOCK_16), returned 0x10000.
13:05:02.6113 [INFO] sio: [cpu0: 0x200000E0] ReadUInt32 from 0x0 (CPUID), returned 0x0.
13:05:02.6113 [INFO] sio: [cpu0: 0x20000150] WriteUInt32 to 0x140 (SPINLOCK_16), value 0x0.
13:05:02.6114 [INFO] sio: [cpu0: 0x10003440] ReadUInt32 from 0x78 (DIV_CSR), returned 0x1.
13:05:02.6114 [INFO] sio: [cpu0: 0x10003440] WriteUInt32 to 0x60 (DIV_UDIVIDEND), value 0x10DA10.
13:05:02.6114 [INFO] sio: [cpu0: 0x10003440] WriteUInt32 to 0x64 (DIV_UDIVISOR), value 0xA.
13:05:02.6114 [INFO] sio: [cpu0: 0x10003440] ReadUInt32 from 0x74 (DIV_REMAINDER), returned 0x0.
13:05:02.6115 [INFO] sio: [cpu0: 0x10003440] ReadUInt32 from 0x70 (DIV_QUOTIENT), returned 0x1AF68.
13:05:02.6115 [INFO] sio: [cpu0: 0x10003440] ReadUInt32 from 0x78 (DIV_CSR), returned 0x1.
13:05:02.6115 [INFO] sio: [cpu0: 0x10003440] WriteUInt32 to 0x60 (DIV_UDIVIDEND), value 0x1AF68.
13:05:02.6115 [INFO] sio: [cpu0: 0x10003440] WriteUInt32 to 0x64 (DIV_UDIVISOR), value 0xA.
13:05:02.6116 [INFO] sio: [cpu0: 0x10003440] ReadUInt32 from 0x74 (DIV_REMAINDER), returned 0x0.
13:05:02.6116 [INFO] sio: [cpu0: 0x10003440] ReadUInt32 from 0x70 (DIV_QUOTIENT), returned 0x2B24.
13:05:02.6116 [INFO] sio: [cpu0: 0x10003440] ReadUInt32 from 0x78 (DIV_CSR), returned 0x1.
13:05:02.6116 [INFO] sio: [cpu0: 0x10003440] WriteUInt32 to 0x60 (DIV_UDIVIDEND), value 0x2B24.
13:05:02.6116 [INFO] sio: [cpu0: 0x10003440] WriteUInt32 to 0x64 (DIV_UDIVISOR), value 0xA.
13:05:02.6117 [INFO] sio: [cpu0: 0x10003440] ReadUInt32 from 0x74 (DIV_REMAINDER), returned 0x4.
13:05:02.6117 [INFO] sio: [cpu0: 0x10003440] ReadUInt32 from 0x70 (DIV_QUOTIENT), returned 0x450.
13:05:02.6117 [INFO] sio: [cpu0: 0x10003440] ReadUInt32 from 0x78 (DIV_CSR), returned 0x1.
13:05:02.6117 [INFO] sio: [cpu0: 0x10003440] WriteUInt32 to 0x60 (DIV_UDIVIDEND), value 0x450.
13:05:02.6117 [INFO] sio: [cpu0: 0x10003440] WriteUInt32 to 0x64 (DIV_UDIVISOR), value 0xA.
13:05:02.6117 [INFO] sio: [cpu0: 0x10003440] ReadUInt32 from 0x74 (DIV_REMAINDER), returned 0x4.
13:05:02.6118 [INFO] sio: [cpu0: 0x10003440] ReadUInt32 from 0x70 (DIV_QUOTIENT), returned 0x6E.
13:05:02.6118 [INFO] sio: [cpu0: 0x10003440] ReadUInt32 from 0x78 (DIV_CSR), returned 0x1.
13:05:02.6118 [INFO] sio: [cpu0: 0x10003440] WriteUInt32 to 0x60 (DIV_UDIVIDEND), value 0x6E.
13:05:02.6118 [INFO] sio: [cpu0: 0x10003440] WriteUInt32 to 0x64 (DIV_UDIVISOR), value 0xA.
13:05:02.6119 [INFO] sio: [cpu0: 0x10003440] ReadUInt32 from 0x74 (DIV_REMAINDER), returned 0x0.
13:05:02.6119 [INFO] sio: [cpu0: 0x10003440] ReadUInt32 from 0x70 (DIV_QUOTIENT), returned 0xB.
13:05:02.6119 [INFO] sio: [cpu0: 0x10003440] ReadUInt32 from 0x78 (DIV_CSR), returned 0x1.
13:05:02.6119 [INFO] sio: [cpu0: 0x10003440] WriteUInt32 to 0x60 (DIV_UDIVIDEND), value 0xB.
13:05:02.6119 [INFO] sio: [cpu0: 0x10003440] WriteUInt32 to 0x64 (DIV_UDIVISOR), value 0xA.
13:05:02.6119 [INFO] sio: [cpu0: 0x10003440] ReadUInt32 from 0x74 (DIV_REMAINDER), returned 0x1.
13:05:02.6120 [INFO] sio: [cpu0: 0x10003440] ReadUInt32 from 0x70 (DIV_QUOTIENT), returned 0x1.
13:05:02.6120 [INFO] sio: [cpu0: 0x10003440] ReadUInt32 from 0x78 (DIV_CSR), returned 0x1.
13:05:02.6120 [INFO] sio: [cpu0: 0x10003440] WriteUInt32 to 0x60 (DIV_UDIVIDEND), value 0x1.
13:05:02.6120 [INFO] sio: [cpu0: 0x10003440] WriteUInt32 to 0x64 (DIV_UDIVISOR), value 0xA.
13:05:02.6121 [INFO] sio: [cpu0: 0x10003440] ReadUInt32 from 0x74 (DIV_REMAINDER), returned 0x1.
13:05:02.6121 [INFO] sio: [cpu0: 0x10003440] ReadUInt32 from 0x70 (DIV_QUOTIENT), returned 0x0.
13:05:02.6121 [INFO] sio: [cpu0: 0x10003440] ReadUInt32 from 0x78 (DIV_CSR), returned 0x1.
13:05:02.6121 [INFO] sio: [cpu0: 0x10003440] WriteUInt32 to 0x60 (DIV_UDIVIDEND), value 0x1.
13:05:02.6121 [INFO] sio: [cpu0: 0x10003440] WriteUInt32 to 0x64 (DIV_UDIVISOR), value 0xA.
13:05:02.6122 [INFO] sio: [cpu0: 0x10003440] ReadUInt32 from 0x74 (DIV_REMAINDER), returned 0x1.
13:05:02.6122 [INFO] sio: [cpu0: 0x10003440] ReadUInt32 from 0x70 (DIV_QUOTIENT), returned 0x0.
13:05:02.6122 [INFO] sio: [cpu0: 0x10003440] ReadUInt32 from 0x78 (DIV_CSR), returned 0x1.
13:05:02.6122 [INFO] sio: [cpu0: 0x10003440] WriteUInt32 to 0x60 (DIV_UDIVIDEND), value 0x1.
13:05:02.6123 [INFO] sio: [cpu0: 0x10003440] WriteUInt32 to 0x64 (DIV_UDIVISOR), value 0xA.
13:05:02.6123 [INFO] sio: [cpu0: 0x10003440] ReadUInt32 from 0x74 (DIV_REMAINDER), returned 0x1.
13:05:02.6123 [INFO] sio: [cpu0: 0x10003440] ReadUInt32 from 0x70 (DIV_QUOTIENT), returned 0x0.
13:05:02.6123 [INFO] sio: [cpu0: 0x20000164] ReadUInt32 from 0x140 (SPINLOCK_16), returned 0x10000.
13:05:02.6124 [INFO] sio: [cpu0: 0x20000178] WriteUInt32 to 0x140 (SPINLOCK_16), value 0x0.
13:05:02.6124 [INFO] sio: [cpu0: 0x10000BEC] ReadUInt32 from 0x144 (SPINLOCK_17), returned 0x20000.
13:05:02.6124 [INFO] sio: [cpu0: 0x1000113A] ReadUInt32 from 0x128 (SPINLOCK_10), returned 0x400.
13:05:02.6124 [INFO] sio: [cpu0: 0x100011AE] WriteUInt32 to 0x128 (SPINLOCK_10), value 0x0.
13:05:02.6125 [INFO] sio: [cpu0: 0x10000C80] WriteUInt32 to 0x144 (SPINLOCK_17), value 0x0.
13:05:02.6125 [INFO] sio: [cpu0: 0x10000DD2] ReadUInt32 from 0x128 (SPINLOCK_10), returned 0x400.
13:05:02.6125 [INFO] sio: [cpu0: 0x10000DE2] WriteUInt32 to 0x128 (SPINLOCK_10), value 0x0.
13:05:02.6125 [INFO] sio: [cpu0: 0x10000DD2] ReadUInt32 from 0x128 (SPINLOCK_10), returned 0x400.
13:05:02.6125 [INFO] sio: [cpu0: 0x10000DE2] WriteUInt32 to 0x128 (SPINLOCK_10), value 0x0.
13:05:02.6126 [INFO] sio: [cpu1: 0x182] ReadUInt32 from 0x50 (FIFO_ST), returned 0xA.
13:05:03.2027 [INFO] sio: [cpu0: 0x10000F20] ReadUInt32 from 0x128 (SPINLOCK_10), returned 0x400.
13:05:03.2028 [INFO] sio: [cpu0: 0x10000F6A] WriteUInt32 to 0x128 (SPINLOCK_10), value 0x0.
13:05:03.2028 [INFO] sio: [cpu0: 0x100009C6] ReadUInt32 from 0x144 (SPINLOCK_17), returned 0x20000.
13:05:03.2028 [INFO] sio: [cpu0: 0x10000A1C] WriteUInt32 to 0x144 (SPINLOCK_17), value 0x0.
13:05:03.2028 [INFO] sio: [cpu0: 0x10000872] ReadUInt32 from 0x128 (SPINLOCK_10), returned 0x400.
13:05:03.2029 [INFO] sio: [cpu0: 0x10000882] WriteUInt32 to 0x128 (SPINLOCK_10), value 0x0.
13:05:03.2029 [INFO] sio: [cpu0: 0x10000A66] ReadUInt32 from 0x144 (SPINLOCK_17), returned 0x20000.
13:05:03.2029 [INFO] sio: [cpu0: 0x10000AB2] WriteUInt32 to 0x144 (SPINLOCK_17), value 0x0.
13:05:03.2029 [INFO] sio: [cpu0: 0x100009C6] ReadUInt32 from 0x144 (SPINLOCK_17), returned 0x20000.
13:05:03.2029 [INFO] sio: [cpu0: 0x10000A1C] WriteUInt32 to 0x144 (SPINLOCK_17), value 0x0.
13:05:03.2030 [INFO] sio: [cpu0: 0x200000D4] ReadUInt32 from 0x140 (SPINLOCK_16), returned 0x10000.
13:05:03.2030 [INFO] sio: [cpu0: 0x200000E0] ReadUInt32 from 0x0 (CPUID), returned 0x0.
13:05:03.2030 [INFO] sio: [cpu0: 0x20000150] WriteUInt32 to 0x140 (SPINLOCK_16), value 0x0.
13:05:03.2030 [INFO] sio: [cpu0: 0x10003440] ReadUInt32 from 0x78 (DIV_CSR), returned 0x1.
13:05:03.2030 [INFO] sio: [cpu0: 0x10003440] WriteUInt32 to 0x60 (DIV_UDIVIDEND), value 0x187B30.
13:05:03.2030 [INFO] sio: [cpu0: 0x10003440] WriteUInt32 to 0x64 (DIV_UDIVISOR), value 0xA.
13:05:03.2031 [INFO] sio: [cpu0: 0x10003440] ReadUInt32 from 0x74 (DIV_REMAINDER), returned 0x0.
13:05:03.2031 [INFO] sio: [cpu0: 0x10003440] ReadUInt32 from 0x70 (DIV_QUOTIENT), returned 0x272B8.
13:05:03.2031 [INFO] sio: [cpu0: 0x10003440] ReadUInt32 from 0x78 (DIV_CSR), returned 0x1.
13:05:03.2031 [INFO] sio: [cpu0: 0x10003440] WriteUInt32 to 0x60 (DIV_UDIVIDEND), value 0x272B8.
13:05:03.2032 [INFO] sio: [cpu0: 0x10003440] WriteUInt32 to 0x64 (DIV_UDIVISOR), value 0xA.
13:05:03.2032 [INFO] sio: [cpu0: 0x10003440] ReadUInt32 from 0x74 (DIV_REMAINDER), returned 0x0.
13:05:03.2032 [INFO] sio: [cpu0: 0x10003440] ReadUInt32 from 0x70 (DIV_QUOTIENT), returned 0x3EAC.
13:05:03.2032 [INFO] sio: [cpu0: 0x10003440] ReadUInt32 from 0x78 (DIV_CSR), returned 0x1.
13:05:03.2033 [INFO] sio: [cpu0: 0x10003440] WriteUInt32 to 0x60 (DIV_UDIVIDEND), value 0x3EAC.
13:05:03.2033 [INFO] sio: [cpu0: 0x10003440] WriteUInt32 to 0x64 (DIV_UDIVISOR), value 0xA.
13:05:03.2033 [INFO] sio: [cpu0: 0x10003440] ReadUInt32 from 0x74 (DIV_REMAINDER), returned 0x4.
13:05:03.2034 [INFO] sio: [cpu0: 0x10003440] ReadUInt32 from 0x70 (DIV_QUOTIENT), returned 0x644.
13:05:03.2034 [INFO] sio: [cpu0: 0x10003440] ReadUInt32 from 0x78 (DIV_CSR), returned 0x1.
13:05:03.2034 [INFO] sio: [cpu0: 0x10003440] WriteUInt32 to 0x60 (DIV_UDIVIDEND), value 0x644.
13:05:03.2034 [INFO] sio: [cpu0: 0x10003440] WriteUInt32 to 0x64 (DIV_UDIVISOR), value 0xA.
13:05:03.2034 [INFO] sio: [cpu0: 0x10003440] ReadUInt32 from 0x74 (DIV_REMAINDER), returned 0x4.
13:05:03.2035 [INFO] sio: [cpu0: 0x10003440] ReadUInt32 from 0x70 (DIV_QUOTIENT), returned 0xA0.
13:05:03.2035 [INFO] sio: [cpu0: 0x10003440] ReadUInt32 from 0x78 (DIV_CSR), returned 0x1.
13:05:03.2035 [INFO] sio: [cpu0: 0x10003440] WriteUInt32 to 0x60 (DIV_UDIVIDEND), value 0xA0.
13:05:03.2035 [INFO] sio: [cpu0: 0x10003440] WriteUInt32 to 0x64 (DIV_UDIVISOR), value 0xA.
13:05:03.2036 [INFO] sio: [cpu0: 0x10003440] ReadUInt32 from 0x74 (DIV_REMAINDER), returned 0x0.
13:05:03.2036 [INFO] sio: [cpu0: 0x10003440] ReadUInt32 from 0x70 (DIV_QUOTIENT), returned 0x10.
13:05:03.2036 [INFO] sio: [cpu0: 0x10003440] ReadUInt32 from 0x78 (DIV_CSR), returned 0x1.
13:05:03.2036 [INFO] sio: [cpu0: 0x10003440] WriteUInt32 to 0x60 (DIV_UDIVIDEND), value 0x10.
13:05:03.2037 [INFO] sio: [cpu0: 0x10003440] WriteUInt32 to 0x64 (DIV_UDIVISOR), value 0xA.
13:05:03.2037 [INFO] sio: [cpu0: 0x10003440] ReadUInt32 from 0x74 (DIV_REMAINDER), returned 0x6.
13:05:03.2037 [INFO] sio: [cpu0: 0x10003440] ReadUInt32 from 0x70 (DIV_QUOTIENT), returned 0x1.
13:05:03.2037 [INFO] sio: [cpu0: 0x10003440] ReadUInt32 from 0x78 (DIV_CSR), returned 0x1.
13:05:03.2038 [INFO] sio: [cpu0: 0x10003440] WriteUInt32 to 0x60 (DIV_UDIVIDEND), value 0x1.
13:05:03.2038 [INFO] sio: [cpu0: 0x10003440] WriteUInt32 to 0x64 (DIV_UDIVISOR), value 0xA.
13:05:03.2038 [INFO] sio: [cpu0: 0x10003440] ReadUInt32 from 0x74 (DIV_REMAINDER), returned 0x1.
13:05:03.2038 [INFO] sio: [cpu0: 0x10003440] ReadUInt32 from 0x70 (DIV_QUOTIENT), returned 0x0.
13:05:03.2039 [INFO] sio: [cpu0: 0x10003440] ReadUInt32 from 0x78 (DIV_CSR), returned 0x1.
13:05:03.2039 [INFO] sio: [cpu0: 0x10003440] WriteUInt32 to 0x60 (DIV_UDIVIDEND), value 0x2.
13:05:03.2039 [INFO] sio: [cpu0: 0x10003440] WriteUInt32 to 0x64 (DIV_UDIVISOR), value 0xA.
13:05:03.2040 [INFO] sio: [cpu0: 0x10003440] ReadUInt32 from 0x74 (DIV_REMAINDER), returned 0x2.
13:05:03.2040 [INFO] sio: [cpu0: 0x10003440] ReadUInt32 from 0x70 (DIV_QUOTIENT), returned 0x0.
13:05:03.2040 [INFO] sio: [cpu0: 0x10003440] ReadUInt32 from 0x78 (DIV_CSR), returned 0x1.
13:05:03.2040 [INFO] sio: [cpu0: 0x10003440] WriteUInt32 to 0x60 (DIV_UDIVIDEND), value 0x2.
13:05:03.2041 [INFO] sio: [cpu0: 0x10003440] WriteUInt32 to 0x64 (DIV_UDIVISOR), value 0xA.
13:05:03.2041 [INFO] sio: [cpu0: 0x10003440] ReadUInt32 from 0x74 (DIV_REMAINDER), returned 0x2.
13:05:03.2041 [INFO] sio: [cpu0: 0x10003440] ReadUInt32 from 0x70 (DIV_QUOTIENT), returned 0x0.
13:05:03.2041 [INFO] sio: [cpu0: 0x20000164] ReadUInt32 from 0x140 (SPINLOCK_16), returned 0x10000.
13:05:03.2042 [INFO] sio: [cpu0: 0x20000178] WriteUInt32 to 0x140 (SPINLOCK_16), value 0x0.
13:05:03.2042 [INFO] sio: [cpu0: 0x10000BEC] ReadUInt32 from 0x144 (SPINLOCK_17), returned 0x20000.
13:05:03.2042 [INFO] sio: [cpu0: 0x1000113A] ReadUInt32 from 0x128 (SPINLOCK_10), returned 0x400.
13:05:03.2042 [INFO] sio: [cpu0: 0x100011AE] WriteUInt32 to 0x128 (SPINLOCK_10), value 0x0.
13:05:03.2042 [INFO] sio: [cpu0: 0x10000C80] WriteUInt32 to 0x144 (SPINLOCK_17), value 0x0.
13:05:03.2043 [INFO] sio: [cpu0: 0x10000DD2] ReadUInt32 from 0x128 (SPINLOCK_10), returned 0x400.
13:05:03.2043 [INFO] sio: [cpu0: 0x10000DE2] WriteUInt32 to 0x128 (SPINLOCK_10), value 0x0.
13:05:03.2043 [INFO] sio: [cpu0: 0x10000DD2] ReadUInt32 from 0x128 (SPINLOCK_10), returned 0x400.
13:05:03.2043 [INFO] sio: [cpu0: 0x10000DE2] WriteUInt32 to 0x128 (SPINLOCK_10), value 0x0.
13:05:03.2044 [INFO] sio: [cpu1: 0x182] ReadUInt32 from 0x50 (FIFO_ST), returned 0xA.
13:05:03.5660 [INFO] sio: [cpu0: 0x10000F20] ReadUInt32 from 0x128 (SPINLOCK_10), returned 0x400.
13:05:03.5665 [INFO] sio: [cpu0: 0x10000F6A] WriteUInt32 to 0x128 (SPINLOCK_10), value 0x0.
13:05:03.5665 [INFO] sio: [cpu0: 0x100009C6] ReadUInt32 from 0x144 (SPINLOCK_17), returned 0x20000.
13:05:03.5666 [INFO] sio: [cpu0: 0x10000A1C] WriteUInt32 to 0x144 (SPINLOCK_17), value 0x0.
13:05:03.5666 [INFO] sio: [cpu0: 0x10000872] ReadUInt32 from 0x128 (SPINLOCK_10), returned 0x400.
13:05:03.5667 [INFO] sio: [cpu0: 0x10000882] WriteUInt32 to 0x128 (SPINLOCK_10), value 0x0.
13:05:03.5667 [INFO] sio: [cpu0: 0x10000A66] ReadUInt32 from 0x144 (SPINLOCK_17), returned 0x20000.
13:05:03.5668 [INFO] sio: [cpu0: 0x10000AB2] WriteUInt32 to 0x144 (SPINLOCK_17), value 0x0.
13:05:03.5668 [INFO] sio: [cpu0: 0x100009C6] ReadUInt32 from 0x144 (SPINLOCK_17), returned 0x20000.
13:05:03.5668 [INFO] sio: [cpu0: 0x10000A1C] WriteUInt32 to 0x144 (SPINLOCK_17), value 0x0.
13:05:03.5669 [INFO] sio: [cpu0: 0x10000390] WriteUInt32 to 0x18 (GPIO_OUT_CLR), value 0x2000000.
13:05:03.5669 [INFO] sio: [cpu0: 0x200000D4] ReadUInt32 from 0x140 (SPINLOCK_16), returned 0x10000.
13:05:03.5669 [INFO] sio: [cpu0: 0x200000E0] ReadUInt32 from 0x0 (CPUID), returned 0x0.
13:05:03.5670 [INFO] sio: [cpu0: 0x20000150] WriteUInt32 to 0x140 (SPINLOCK_16), value 0x0.
13:05:03.5670 [INFO] sio: [cpu0: 0x10003440] ReadUInt32 from 0x78 (DIV_CSR), returned 0x1.
13:05:03.5671 [INFO] sio: [cpu0: 0x10003440] WriteUInt32 to 0x60 (DIV_UDIVIDEND), value 0x1D0F10.
13:05:03.5672 [INFO] sio: [cpu0: 0x10003440] WriteUInt32 to 0x64 (DIV_UDIVISOR), value 0xA.
13:05:03.5672 [INFO] sio: [cpu0: 0x10003440] ReadUInt32 from 0x74 (DIV_REMAINDER), returned 0x0.
13:05:03.5672 [INFO] sio: [cpu0: 0x10003440] ReadUInt32 from 0x70 (DIV_QUOTIENT), returned 0x2E7E8.
13:05:03.5673 [INFO] sio: [cpu0: 0x10003440] ReadUInt32 from 0x78 (DIV_CSR), returned 0x1.
13:05:03.5673 [INFO] sio: [cpu0: 0x10003440] WriteUInt32 to 0x60 (DIV_UDIVIDEND), value 0x2E7E8.
13:05:03.5673 [INFO] sio: [cpu0: 0x10003440] WriteUInt32 to 0x64 (DIV_UDIVISOR), value 0xA.
13:05:03.5674 [INFO] sio: [cpu0: 0x10003440] ReadUInt32 from 0x74 (DIV_REMAINDER), returned 0x0.
13:05:03.5674 [INFO] sio: [cpu0: 0x10003440] ReadUInt32 from 0x70 (DIV_QUOTIENT), returned 0x4A64.
13:05:03.5674 [INFO] sio: [cpu0: 0x10003440] ReadUInt32 from 0x78 (DIV_CSR), returned 0x1.
13:05:03.5675 [INFO] sio: [cpu0: 0x10003440] WriteUInt32 to 0x60 (DIV_UDIVIDEND), value 0x4A64.
13:05:03.5675 [INFO] sio: [cpu0: 0x10003440] WriteUInt32 to 0x64 (DIV_UDIVISOR), value 0xA.
13:05:03.5675 [INFO] sio: [cpu0: 0x10003440] ReadUInt32 from 0x74 (DIV_REMAINDER), returned 0x4.
13:05:03.5676 [INFO] sio: [cpu0: 0x10003440] ReadUInt32 from 0x70 (DIV_QUOTIENT), returned 0x770.
13:05:03.5676 [INFO] sio: [cpu0: 0x10003440] ReadUInt32 from 0x78 (DIV_CSR), returned 0x1.
13:05:03.5676 [INFO] sio: [cpu0: 0x10003440] WriteUInt32 to 0x60 (DIV_UDIVIDEND), value 0x770.
13:05:03.5677 [INFO] sio: [cpu0: 0x10003440] WriteUInt32 to 0x64 (DIV_UDIVISOR), value 0xA.
13:05:03.5677 [INFO] sio: [cpu0: 0x10003440] ReadUInt32 from 0x74 (DIV_REMAINDER), returned 0x4.
13:05:03.5677 [INFO] sio: [cpu0: 0x10003440] ReadUInt32 from 0x70 (DIV_QUOTIENT), returned 0xBE.
13:05:03.5678 [INFO] sio: [cpu0: 0x10003440] ReadUInt32 from 0x78 (DIV_CSR), returned 0x1.
13:05:03.5678 [INFO] sio: [cpu0: 0x10003440] WriteUInt32 to 0x60 (DIV_UDIVIDEND), value 0xBE.
13:05:03.5678 [INFO] sio: [cpu0: 0x10003440] WriteUInt32 to 0x64 (DIV_UDIVISOR), value 0xA.
13:05:03.5679 [INFO] sio: [cpu0: 0x10003440] ReadUInt32 from 0x74 (DIV_REMAINDER), returned 0x0.
13:05:03.5679 [INFO] sio: [cpu0: 0x10003440] ReadUInt32 from 0x70 (DIV_QUOTIENT), returned 0x13.
13:05:03.5679 [INFO] sio: [cpu0: 0x10003440] ReadUInt32 from 0x78 (DIV_CSR), returned 0x1.
13:05:03.5679 [INFO] sio: [cpu0: 0x10003440] WriteUInt32 to 0x60 (DIV_UDIVIDEND), value 0x13.
13:05:03.5680 [INFO] sio: [cpu0: 0x10003440] WriteUInt32 to 0x64 (DIV_UDIVISOR), value 0xA.
13:05:03.5680 [INFO] sio: [cpu0: 0x10003440] ReadUInt32 from 0x74 (DIV_REMAINDER), returned 0x9.
13:05:03.5680 [INFO] sio: [cpu0: 0x10003440] ReadUInt32 from 0x70 (DIV_QUOTIENT), returned 0x1.
13:05:03.5681 [INFO] sio: [cpu0: 0x10003440] ReadUInt32 from 0x78 (DIV_CSR), returned 0x1.
13:05:03.5681 [INFO] sio: [cpu0: 0x10003440] WriteUInt32 to 0x60 (DIV_UDIVIDEND), value 0x1.
13:05:03.5681 [INFO] sio: [cpu0: 0x10003440] WriteUInt32 to 0x64 (DIV_UDIVISOR), value 0xA.
13:05:03.5682 [INFO] sio: [cpu0: 0x10003440] ReadUInt32 from 0x74 (DIV_REMAINDER), returned 0x1.
13:05:03.5682 [INFO] sio: [cpu0: 0x10003440] ReadUInt32 from 0x70 (DIV_QUOTIENT), returned 0x0.
13:05:03.5682 [INFO] sio: [cpu0: 0x10003440] ReadUInt32 from 0x78 (DIV_CSR), returned 0x1.
13:05:03.5683 [INFO] sio: [cpu0: 0x10003440] WriteUInt32 to 0x60 (DIV_UDIVIDEND), value 0x2.
13:05:03.5683 [INFO] sio: [cpu0: 0x10003440] WriteUInt32 to 0x64 (DIV_UDIVISOR), value 0xA.
13:05:03.5683 [INFO] sio: [cpu0: 0x10003440] ReadUInt32 from 0x74 (DIV_REMAINDER), returned 0x2.
13:05:03.5683 [INFO] sio: [cpu0: 0x10003440] ReadUInt32 from 0x70 (DIV_QUOTIENT), returned 0x0.
13:05:03.5684 [INFO] sio: [cpu0: 0x10003440] ReadUInt32 from 0x78 (DIV_CSR), returned 0x1.
13:05:03.5684 [INFO] sio: [cpu0: 0x10003440] WriteUInt32 to 0x60 (DIV_UDIVIDEND), value 0x2.
13:05:03.5684 [INFO] sio: [cpu0: 0x10003440] WriteUInt32 to 0x64 (DIV_UDIVISOR), value 0xA.
13:05:03.5684 [INFO] sio: [cpu0: 0x10003440] ReadUInt32 from 0x74 (DIV_REMAINDER), returned 0x2.
13:05:03.5685 [INFO] sio: [cpu0: 0x10003440] ReadUInt32 from 0x70 (DIV_QUOTIENT), returned 0x0.
13:05:03.5685 [INFO] sio: [cpu0: 0x20000164] ReadUInt32 from 0x140 (SPINLOCK_16), returned 0x10000.
13:05:03.5685 [INFO] sio: [cpu0: 0x20000178] WriteUInt32 to 0x140 (SPINLOCK_16), value 0x0.
13:05:03.5685 [INFO] sio: [cpu0: 0x10000BEC] ReadUInt32 from 0x144 (SPINLOCK_17), returned 0x20000.
13:05:03.5686 [INFO] sio: [cpu0: 0x1000113A] ReadUInt32 from 0x128 (SPINLOCK_10), returned 0x400.
13:05:03.5686 [INFO] sio: [cpu0: 0x100011AE] WriteUInt32 to 0x128 (SPINLOCK_10), value 0x0.
13:05:03.5686 [INFO] sio: [cpu0: 0x10000C80] WriteUInt32 to 0x144 (SPINLOCK_17), value 0x0.
13:05:03.5686 [INFO] sio: [cpu0: 0x10000DD2] ReadUInt32 from 0x128 (SPINLOCK_10), returned 0x400.
13:05:03.5687 [INFO] sio: [cpu0: 0x10000DE2] WriteUInt32 to 0x128 (SPINLOCK_10), value 0x0.
13:05:03.5687 [INFO] sio: [cpu0: 0x10000DD2] ReadUInt32 from 0x128 (SPINLOCK_10), returned 0x400.
13:05:03.5687 [INFO] sio: [cpu0: 0x10000DE2] WriteUInt32 to 0x128 (SPINLOCK_10), value 0x0.
13:05:03.5687 [INFO] sio: [cpu1: 0x182] ReadUInt32 from 0x50 (FIFO_ST), returned 0xA.
13:05:04.1530 [INFO] sio: [cpu0: 0x10000F20] ReadUInt32 from 0x128 (SPINLOCK_10), returned 0x400.
13:05:04.1530 [INFO] sio: [cpu0: 0x10000F6A] WriteUInt32 to 0x128 (SPINLOCK_10), value 0x0.
13:05:04.1530 [INFO] sio: [cpu0: 0x100009C6] ReadUInt32 from 0x144 (SPINLOCK_17), returned 0x20000.
13:05:04.1531 [INFO] sio: [cpu0: 0x10000A1C] WriteUInt32 to 0x144 (SPINLOCK_17), value 0x0.
13:05:04.1531 [INFO] sio: [cpu0: 0x10000872] ReadUInt32 from 0x128 (SPINLOCK_10), returned 0x400.
13:05:04.1531 [INFO] sio: [cpu0: 0x10000882] WriteUInt32 to 0x128 (SPINLOCK_10), value 0x0.
13:05:04.1531 [INFO] sio: [cpu0: 0x10000A66] ReadUInt32 from 0x144 (SPINLOCK_17), returned 0x20000.
13:05:04.1532 [INFO] sio: [cpu0: 0x10000AB2] WriteUInt32 to 0x144 (SPINLOCK_17), value 0x0.
13:05:04.1532 [INFO] sio: [cpu0: 0x100009C6] ReadUInt32 from 0x144 (SPINLOCK_17), returned 0x20000.
13:05:04.1532 [INFO] sio: [cpu0: 0x10000A1C] WriteUInt32 to 0x144 (SPINLOCK_17), value 0x0.
13:05:04.1532 [INFO] sio: [cpu0: 0x200000D4] ReadUInt32 from 0x140 (SPINLOCK_16), returned 0x10000.
13:05:04.1532 [INFO] sio: [cpu0: 0x200000E0] ReadUInt32 from 0x0 (CPUID), returned 0x0.
13:05:04.1533 [INFO] sio: [cpu0: 0x20000150] WriteUInt32 to 0x140 (SPINLOCK_16), value 0x0.
13:05:04.1533 [INFO] sio: [cpu0: 0x10003440] ReadUInt32 from 0x78 (DIV_CSR), returned 0x1.
13:05:04.1533 [INFO] sio: [cpu0: 0x10003440] WriteUInt32 to 0x60 (DIV_UDIVIDEND), value 0x24B030.
13:05:04.1533 [INFO] sio: [cpu0: 0x10003440] WriteUInt32 to 0x64 (DIV_UDIVISOR), value 0xA.
13:05:04.1534 [INFO] sio: [cpu0: 0x10003440] ReadUInt32 from 0x74 (DIV_REMAINDER), returned 0x0.
13:05:04.1534 [INFO] sio: [cpu0: 0x10003440] ReadUInt32 from 0x70 (DIV_QUOTIENT), returned 0x3AB38.
13:05:04.1534 [INFO] sio: [cpu0: 0x10003440] ReadUInt32 from 0x78 (DIV_CSR), returned 0x1.
13:05:04.1534 [INFO] sio: [cpu0: 0x10003440] WriteUInt32 to 0x60 (DIV_UDIVIDEND), value 0x3AB38.
13:05:04.1535 [INFO] sio: [cpu0: 0x10003440] WriteUInt32 to 0x64 (DIV_UDIVISOR), value 0xA.
13:05:04.1535 [INFO] sio: [cpu0: 0x10003440] ReadUInt32 from 0x74 (DIV_REMAINDER), returned 0x0.
13:05:04.1535 [INFO] sio: [cpu0: 0x10003440] ReadUInt32 from 0x70 (DIV_QUOTIENT), returned 0x5DEC.
13:05:04.1535 [INFO] sio: [cpu0: 0x10003440] ReadUInt32 from 0x78 (DIV_CSR), returned 0x1.
13:05:04.1565 [INFO] sio: [cpu0: 0x10003440] WriteUInt32 to 0x60 (DIV_UDIVIDEND), value 0x5DEC.
13:05:04.1566 [INFO] sio: [cpu0: 0x10003440] WriteUInt32 to 0x64 (DIV_UDIVISOR), value 0xA.
13:05:04.1566 [INFO] sio: [cpu0: 0x10003440] ReadUInt32 from 0x74 (DIV_REMAINDER), returned 0x4.
13:05:04.1566 [INFO] sio: [cpu0: 0x10003440] ReadUInt32 from 0x70 (DIV_QUOTIENT), returned 0x964.
13:05:04.1566 [INFO] sio: [cpu0: 0x10003440] ReadUInt32 from 0x78 (DIV_CSR), returned 0x1.
13:05:04.1567 [INFO] sio: [cpu0: 0x10003440] WriteUInt32 to 0x60 (DIV_UDIVIDEND), value 0x964.
13:05:04.1567 [INFO] sio: [cpu0: 0x10003440] WriteUInt32 to 0x64 (DIV_UDIVISOR), value 0xA.
13:05:04.1567 [INFO] sio: [cpu0: 0x10003440] ReadUInt32 from 0x74 (DIV_REMAINDER), returned 0x4.
13:05:04.1568 [INFO] sio: [cpu0: 0x10003440] ReadUInt32 from 0x70 (DIV_QUOTIENT), returned 0xF0.
13:05:04.1568 [INFO] sio: [cpu0: 0x10003440] ReadUInt32 from 0x78 (DIV_CSR), returned 0x1.
13:05:04.1568 [INFO] sio: [cpu0: 0x10003440] WriteUInt32 to 0x60 (DIV_UDIVIDEND), value 0xF0.
13:05:04.1568 [INFO] sio: [cpu0: 0x10003440] WriteUInt32 to 0x64 (DIV_UDIVISOR), value 0xA.
13:05:04.1569 [INFO] sio: [cpu0: 0x10003440] ReadUInt32 from 0x74 (DIV_REMAINDER), returned 0x0.
13:05:04.1569 [INFO] sio: [cpu0: 0x10003440] ReadUInt32 from 0x70 (DIV_QUOTIENT), returned 0x18.
13:05:04.1569 [INFO] sio: [cpu0: 0x10003440] ReadUInt32 from 0x78 (DIV_CSR), returned 0x1.
13:05:04.1570 [INFO] sio: [cpu0: 0x10003440] WriteUInt32 to 0x60 (DIV_UDIVIDEND), value 0x18.
13:05:04.1570 [INFO] sio: [cpu0: 0x10003440] WriteUInt32 to 0x64 (DIV_UDIVISOR), value 0xA.
13:05:04.1570 [INFO] sio: [cpu0: 0x10003440] ReadUInt32 from 0x74 (DIV_REMAINDER), returned 0x4.
13:05:04.1570 [INFO] sio: [cpu0: 0x10003440] ReadUInt32 from 0x70 (DIV_QUOTIENT), returned 0x2.
13:05:04.1571 [INFO] sio: [cpu0: 0x10003440] ReadUInt32 from 0x78 (DIV_CSR), returned 0x1.
13:05:04.1571 [INFO] sio: [cpu0: 0x10003440] WriteUInt32 to 0x60 (DIV_UDIVIDEND), value 0x2.
13:05:04.1571 [INFO] sio: [cpu0: 0x10003440] WriteUInt32 to 0x64 (DIV_UDIVISOR), value 0xA.
13:05:04.1571 [INFO] sio: [cpu0: 0x10003440] ReadUInt32 from 0x74 (DIV_REMAINDER), returned 0x2.
13:05:04.1572 [INFO] sio: [cpu0: 0x10003440] ReadUInt32 from 0x70 (DIV_QUOTIENT), returned 0x0.
13:05:04.1572 [INFO] sio: [cpu0: 0x10003440] ReadUInt32 from 0x78 (DIV_CSR), returned 0x1.
13:05:04.1572 [INFO] sio: [cpu0: 0x10003440] WriteUInt32 to 0x60 (DIV_UDIVIDEND), value 0x3.
13:05:04.1573 [INFO] sio: [cpu0: 0x10003440] WriteUInt32 to 0x64 (DIV_UDIVISOR), value 0xA.
13:05:04.1573 [INFO] sio: [cpu0: 0x10003440] ReadUInt32 from 0x74 (DIV_REMAINDER), returned 0x3.
13:05:04.1573 [INFO] sio: [cpu0: 0x10003440] ReadUInt32 from 0x70 (DIV_QUOTIENT), returned 0x0.
13:05:04.1573 [INFO] sio: [cpu0: 0x10003440] ReadUInt32 from 0x78 (DIV_CSR), returned 0x1.
13:05:04.1573 [INFO] sio: [cpu0: 0x10003440] WriteUInt32 to 0x60 (DIV_UDIVIDEND), value 0x3.
13:05:04.1574 [INFO] sio: [cpu0: 0x10003440] WriteUInt32 to 0x64 (DIV_UDIVISOR), value 0xA.
13:05:04.1574 [INFO] sio: [cpu0: 0x10003440] ReadUInt32 from 0x74 (DIV_REMAINDER), returned 0x3.
13:05:04.1574 [INFO] sio: [cpu0: 0x10003440] ReadUInt32 from 0x70 (DIV_QUOTIENT), returned 0x0.
13:05:04.1574 [INFO] sio: [cpu0: 0x20000164] ReadUInt32 from 0x140 (SPINLOCK_16), returned 0x10000.
13:05:04.1575 [INFO] sio: [cpu0: 0x20000178] WriteUInt32 to 0x140 (SPINLOCK_16), value 0x0.
13:05:04.1575 [INFO] sio: [cpu0: 0x10000BEC] ReadUInt32 from 0x144 (SPINLOCK_17), returned 0x20000.
13:05:04.1575 [INFO] sio: [cpu0: 0x1000113A] ReadUInt32 from 0x128 (SPINLOCK_10), returned 0x400.
13:05:04.1575 [INFO] sio: [cpu0: 0x100011AE] WriteUInt32 to 0x128 (SPINLOCK_10), value 0x0.
13:05:04.1575 [INFO] sio: [cpu0: 0x10000C80] WriteUInt32 to 0x144 (SPINLOCK_17), value 0x0.
13:05:04.1576 [INFO] sio: [cpu0: 0x10000DD2] ReadUInt32 from 0x128 (SPINLOCK_10), returned 0x400.
13:05:04.1576 [INFO] sio: [cpu0: 0x10000DE2] WriteUInt32 to 0x128 (SPINLOCK_10), value 0x0.
13:05:04.1576 [INFO] sio: [cpu0: 0x10000DD2] ReadUInt32 from 0x128 (SPINLOCK_10), returned 0x400.
13:05:04.1576 [INFO] sio: [cpu0: 0x10000DE2] WriteUInt32 to 0x128 (SPINLOCK_10), value 0x0.
13:05:04.1576 [INFO] sio: [cpu1: 0x182] ReadUInt32 from 0x50 (FIFO_ST), returned 0xA.
13:05:04.5038 [INFO] sio: [cpu0: 0x10000F20] ReadUInt32 from 0x128 (SPINLOCK_10), returned 0x400.
13:05:04.5038 [INFO] sio: [cpu0: 0x10000F6A] WriteUInt32 to 0x128 (SPINLOCK_10), value 0x0.
13:05:04.5039 [INFO] sio: [cpu0: 0x100009C6] ReadUInt32 from 0x144 (SPINLOCK_17), returned 0x20000.
13:05:04.5039 [INFO] sio: [cpu0: 0x10000A1C] WriteUInt32 to 0x144 (SPINLOCK_17), value 0x0.
13:05:04.5039 [INFO] sio: [cpu0: 0x10000872] ReadUInt32 from 0x128 (SPINLOCK_10), returned 0x400.
13:05:04.5039 [INFO] sio: [cpu0: 0x10000882] WriteUInt32 to 0x128 (SPINLOCK_10), value 0x0.
13:05:04.5039 [INFO] sio: [cpu0: 0x10000A66] ReadUInt32 from 0x144 (SPINLOCK_17), returned 0x20000.
13:05:04.5040 [INFO] sio: [cpu0: 0x10000AB2] WriteUInt32 to 0x144 (SPINLOCK_17), value 0x0.
13:05:04.5040 [INFO] sio: [cpu0: 0x100009C6] ReadUInt32 from 0x144 (SPINLOCK_17), returned 0x20000.
13:05:04.5040 [INFO] sio: [cpu0: 0x10000A1C] WriteUInt32 to 0x144 (SPINLOCK_17), value 0x0.
13:05:04.5040 [INFO] sio: [cpu0: 0x10000390] WriteUInt32 to 0x18 (GPIO_OUT_CLR), value 0x2000000.
13:05:04.5040 [INFO] sio: [cpu0: 0x200000D4] ReadUInt32 from 0x140 (SPINLOCK_16), returned 0x10000.
13:05:04.5041 [INFO] sio: [cpu0: 0x200000E0] ReadUInt32 from 0x0 (CPUID), returned 0x0.
13:05:04.5041 [INFO] sio: [cpu0: 0x20000150] WriteUInt32 to 0x140 (SPINLOCK_16), value 0x0.
13:05:04.5041 [INFO] sio: [cpu0: 0x10003440] ReadUInt32 from 0x78 (DIV_CSR), returned 0x1.
13:05:04.5041 [INFO] sio: [cpu0: 0x10003440] WriteUInt32 to 0x60 (DIV_UDIVIDEND), value 0x294410.
13:05:04.5097 [INFO] sio: [cpu0: 0x10003440] WriteUInt32 to 0x64 (DIV_UDIVISOR), value 0xA.
13:05:04.5098 [INFO] sio: [cpu0: 0x10003440] ReadUInt32 from 0x74 (DIV_REMAINDER), returned 0x0.
13:05:04.5098 [INFO] sio: [cpu0: 0x10003440] ReadUInt32 from 0x70 (DIV_QUOTIENT), returned 0x42068.
13:05:04.5098 [INFO] sio: [cpu0: 0x10003440] ReadUInt32 from 0x78 (DIV_CSR), returned 0x1.
13:05:04.5099 [INFO] sio: [cpu0: 0x10003440] WriteUInt32 to 0x60 (DIV_UDIVIDEND), value 0x42068.
13:05:04.5099 [INFO] sio: [cpu0: 0x10003440] WriteUInt32 to 0x64 (DIV_UDIVISOR), value 0xA.
13:05:04.5099 [INFO] sio: [cpu0: 0x10003440] ReadUInt32 from 0x74 (DIV_REMAINDER), returned 0x0.
13:05:04.5099 [INFO] sio: [cpu0: 0x10003440] ReadUInt32 from 0x70 (DIV_QUOTIENT), returned 0x69A4.
13:05:04.5100 [INFO] sio: [cpu0: 0x10003440] ReadUInt32 from 0x78 (DIV_CSR), returned 0x1.
13:05:04.5100 [INFO] sio: [cpu0: 0x10003440] WriteUInt32 to 0x60 (DIV_UDIVIDEND), value 0x69A4.
13:05:04.5100 [INFO] sio: [cpu0: 0x10003440] WriteUInt32 to 0x64 (DIV_UDIVISOR), value 0xA.
13:05:04.5100 [INFO] sio: [cpu0: 0x10003440] ReadUInt32 from 0x74 (DIV_REMAINDER), returned 0x4.
13:05:04.5100 [INFO] sio: [cpu0: 0x10003440] ReadUInt32 from 0x70 (DIV_QUOTIENT), returned 0xA90.
13:05:04.5101 [INFO] sio: [cpu0: 0x10003440] ReadUInt32 from 0x78 (DIV_CSR), returned 0x1.
13:05:04.5101 [INFO] sio: [cpu0: 0x10003440] WriteUInt32 to 0x60 (DIV_UDIVIDEND), value 0xA90.
13:05:04.5101 [INFO] sio: [cpu0: 0x10003440] WriteUInt32 to 0x64 (DIV_UDIVISOR), value 0xA.
13:05:04.5101 [INFO] sio: [cpu0: 0x10003440] ReadUInt32 from 0x74 (DIV_REMAINDER), returned 0x4.
13:05:04.5102 [INFO] sio: [cpu0: 0x10003440] ReadUInt32 from 0x70 (DIV_QUOTIENT), returned 0x10E.
13:05:04.5102 [INFO] sio: [cpu0: 0x10003440] ReadUInt32 from 0x78 (DIV_CSR), returned 0x1.
13:05:04.5102 [INFO] sio: [cpu0: 0x10003440] WriteUInt32 to 0x60 (DIV_UDIVIDEND), value 0x10E.
13:05:04.5102 [INFO] sio: [cpu0: 0x10003440] WriteUInt32 to 0x64 (DIV_UDIVISOR), value 0xA.
13:05:04.5103 [INFO] sio: [cpu0: 0x10003440] ReadUInt32 from 0x74 (DIV_REMAINDER), returned 0x0.
13:05:04.5103 [INFO] sio: [cpu0: 0x10003440] ReadUInt32 from 0x70 (DIV_QUOTIENT), returned 0x1B.
13:05:04.5103 [INFO] sio: [cpu0: 0x10003440] ReadUInt32 from 0x78 (DIV_CSR), returned 0x1.
13:05:04.5104 [INFO] sio: [cpu0: 0x10003440] WriteUInt32 to 0x60 (DIV_UDIVIDEND), value 0x1B.
13:05:04.5104 [INFO] sio: [cpu0: 0x10003440] WriteUInt32 to 0x64 (DIV_UDIVISOR), value 0xA.
13:05:04.5104 [INFO] sio: [cpu0: 0x10003440] ReadUInt32 from 0x74 (DIV_REMAINDER), returned 0x7.
13:05:04.5105 [INFO] sio: [cpu0: 0x10003440] ReadUInt32 from 0x70 (DIV_QUOTIENT), returned 0x2.
13:05:04.5105 [INFO] sio: [cpu0: 0x10003440] ReadUInt32 from 0x78 (DIV_CSR), returned 0x1.
13:05:04.5105 [INFO] sio: [cpu0: 0x10003440] WriteUInt32 to 0x60 (DIV_UDIVIDEND), value 0x2.
13:05:04.5105 [INFO] sio: [cpu0: 0x10003440] WriteUInt32 to 0x64 (DIV_UDIVISOR), value 0xA.
13:05:04.5106 [INFO] sio: [cpu0: 0x10003440] ReadUInt32 from 0x74 (DIV_REMAINDER), returned 0x2.
13:05:04.5106 [INFO] sio: [cpu0: 0x10003440] ReadUInt32 from 0x70 (DIV_QUOTIENT), returned 0x0.
13:05:04.5106 [INFO] sio: [cpu0: 0x10003440] ReadUInt32 from 0x78 (DIV_CSR), returned 0x1.
13:05:04.5107 [INFO] sio: [cpu0: 0x10003440] WriteUInt32 to 0x60 (DIV_UDIVIDEND), value 0x3.
13:05:04.5107 [INFO] sio: [cpu0: 0x10003440] WriteUInt32 to 0x64 (DIV_UDIVISOR), value 0xA.
13:05:04.5107 [INFO] sio: [cpu0: 0x10003440] ReadUInt32 from 0x74 (DIV_REMAINDER), returned 0x3.
13:05:04.5108 [INFO] sio: [cpu0: 0x10003440] ReadUInt32 from 0x70 (DIV_QUOTIENT), returned 0x0.
13:05:04.5108 [INFO] sio: [cpu0: 0x10003440] ReadUInt32 from 0x78 (DIV_CSR), returned 0x1.
13:05:04.5108 [INFO] sio: [cpu0: 0x10003440] WriteUInt32 to 0x60 (DIV_UDIVIDEND), value 0x3.
13:05:04.5109 [INFO] sio: [cpu0: 0x10003440] WriteUInt32 to 0x64 (DIV_UDIVISOR), value 0xA.
13:05:04.5109 [INFO] sio: [cpu0: 0x10003440] ReadUInt32 from 0x74 (DIV_REMAINDER), returned 0x3.
13:05:04.5109 [INFO] sio: [cpu0: 0x10003440] ReadUInt32 from 0x70 (DIV_QUOTIENT), returned 0x0.
13:05:04.5109 [INFO] sio: [cpu0: 0x20000164] ReadUInt32 from 0x140 (SPINLOCK_16), returned 0x10000.
13:05:04.5110 [INFO] sio: [cpu0: 0x20000178] WriteUInt32 to 0x140 (SPINLOCK_16), value 0x0.
13:05:04.5110 [INFO] sio: [cpu0: 0x10000BEC] ReadUInt32 from 0x144 (SPINLOCK_17), returned 0x20000.
13:05:04.5110 [INFO] sio: [cpu0: 0x1000113A] ReadUInt32 from 0x128 (SPINLOCK_10), returned 0x400.
13:05:04.5111 [INFO] sio: [cpu0: 0x100011AE] WriteUInt32 to 0x128 (SPINLOCK_10), value 0x0.
13:05:04.5111 [INFO] sio: [cpu0: 0x10000C80] WriteUInt32 to 0x144 (SPINLOCK_17), value 0x0.
13:05:04.5111 [INFO] sio: [cpu0: 0x10000DD2] ReadUInt32 from 0x128 (SPINLOCK_10), returned 0x400.
13:05:04.5111 [INFO] sio: [cpu0: 0x10000DE2] WriteUInt32 to 0x128 (SPINLOCK_10), value 0x0.
13:05:04.5112 [INFO] sio: [cpu0: 0x10000DD2] ReadUInt32 from 0x128 (SPINLOCK_10), returned 0x400.
13:05:04.5112 [INFO] sio: [cpu0: 0x10000DE2] WriteUInt32 to 0x128 (SPINLOCK_10), value 0x0.
13:05:04.5112 [INFO] sio: [cpu1: 0x182] ReadUInt32 from 0x50 (FIFO_ST), returned 0xA.
13:05:05.0931 [INFO] sio: [cpu0: 0x10000F20] ReadUInt32 from 0x128 (SPINLOCK_10), returned 0x400.
13:05:05.0932 [INFO] sio: [cpu0: 0x10000F6A] WriteUInt32 to 0x128 (SPINLOCK_10), value 0x0.
13:05:05.0932 [INFO] sio: [cpu0: 0x100009C6] ReadUInt32 from 0x144 (SPINLOCK_17), returned 0x20000.
13:05:05.0932 [INFO] sio: [cpu0: 0x10000A1C] WriteUInt32 to 0x144 (SPINLOCK_17), value 0x0.
13:05:05.0933 [INFO] sio: [cpu0: 0x10000872] ReadUInt32 from 0x128 (SPINLOCK_10), returned 0x400.
13:05:05.0933 [INFO] sio: [cpu0: 0x10000882] WriteUInt32 to 0x128 (SPINLOCK_10), value 0x0.
13:05:05.0933 [INFO] sio: [cpu0: 0x10000A66] ReadUInt32 from 0x144 (SPINLOCK_17), returned 0x20000.
13:05:05.0934 [INFO] sio: [cpu0: 0x10000AB2] WriteUInt32 to 0x144 (SPINLOCK_17), value 0x0.
13:05:05.0934 [INFO] sio: [cpu0: 0x100009C6] ReadUInt32 from 0x144 (SPINLOCK_17), returned 0x20000.
13:05:05.0934 [INFO] sio: [cpu0: 0x10000A1C] WriteUInt32 to 0x144 (SPINLOCK_17), value 0x0.
13:05:05.0935 [INFO] sio: [cpu0: 0x200000D4] ReadUInt32 from 0x140 (SPINLOCK_16), returned 0x10000.
13:05:05.0935 [INFO] sio: [cpu0: 0x200000E0] ReadUInt32 from 0x0 (CPUID), returned 0x0.
13:05:05.0935 [INFO] sio: [cpu0: 0x20000150] WriteUInt32 to 0x140 (SPINLOCK_16), value 0x0.
13:05:05.0936 [INFO] sio: [cpu0: 0x10003440] ReadUInt32 from 0x78 (DIV_CSR), returned 0x1.
13:05:05.0936 [INFO] sio: [cpu0: 0x10003440] WriteUInt32 to 0x60 (DIV_UDIVIDEND), value 0x30E530.
13:05:05.0936 [INFO] sio: [cpu0: 0x10003440] WriteUInt32 to 0x64 (DIV_UDIVISOR), value 0xA.
13:05:05.0936 [INFO] sio: [cpu0: 0x10003440] ReadUInt32 from 0x74 (DIV_REMAINDER), returned 0x0.
13:05:05.0936 [INFO] sio: [cpu0: 0x10003440] ReadUInt32 from 0x70 (DIV_QUOTIENT), returned 0x4E3B8.
13:05:05.0937 [INFO] sio: [cpu0: 0x10003440] ReadUInt32 from 0x78 (DIV_CSR), returned 0x1.
13:05:05.0937 [INFO] sio: [cpu0: 0x10003440] WriteUInt32 to 0x60 (DIV_UDIVIDEND), value 0x4E3B8.
13:05:05.0937 [INFO] sio: [cpu0: 0x10003440] WriteUInt32 to 0x64 (DIV_UDIVISOR), value 0xA.
13:05:05.0937 [INFO] sio: [cpu0: 0x10003440] ReadUInt32 from 0x74 (DIV_REMAINDER), returned 0x0.
13:05:05.0938 [INFO] sio: [cpu0: 0x10003440] ReadUInt32 from 0x70 (DIV_QUOTIENT), returned 0x7D2C.
13:05:05.0938 [INFO] sio: [cpu0: 0x10003440] ReadUInt32 from 0x78 (DIV_CSR), returned 0x1.
13:05:05.0938 [INFO] sio: [cpu0: 0x10003440] WriteUInt32 to 0x60 (DIV_UDIVIDEND), value 0x7D2C.
13:05:05.0938 [INFO] sio: [cpu0: 0x10003440] WriteUInt32 to 0x64 (DIV_UDIVISOR), value 0xA.
13:05:05.0938 [INFO] sio: [cpu0: 0x10003440] ReadUInt32 from 0x74 (DIV_REMAINDER), returned 0x4.
13:05:05.0939 [INFO] sio: [cpu0: 0x10003440] ReadUInt32 from 0x70 (DIV_QUOTIENT), returned 0xC84.
13:05:05.0939 [INFO] sio: [cpu0: 0x10003440] ReadUInt32 from 0x78 (DIV_CSR), returned 0x1.
13:05:05.0939 [INFO] sio: [cpu0: 0x10003440] WriteUInt32 to 0x60 (DIV_UDIVIDEND), value 0xC84.
13:05:05.0939 [INFO] sio: [cpu0: 0x10003440] WriteUInt32 to 0x64 (DIV_UDIVISOR), value 0xA.
13:05:05.0940 [INFO] sio: [cpu0: 0x10003440] ReadUInt32 from 0x74 (DIV_REMAINDER), returned 0x4.
13:05:05.0940 [INFO] sio: [cpu0: 0x10003440] ReadUInt32 from 0x70 (DIV_QUOTIENT), returned 0x140.
13:05:05.0940 [INFO] sio: [cpu0: 0x10003440] ReadUInt32 from 0x78 (DIV_CSR), returned 0x1.
13:05:05.0940 [INFO] sio: [cpu0: 0x10003440] WriteUInt32 to 0x60 (DIV_UDIVIDEND), value 0x140.
13:05:05.0940 [INFO] sio: [cpu0: 0x10003440] WriteUInt32 to 0x64 (DIV_UDIVISOR), value 0xA.
13:05:05.0941 [INFO] sio: [cpu0: 0x10003440] ReadUInt32 from 0x74 (DIV_REMAINDER), returned 0x0.
13:05:05.0941 [INFO] sio: [cpu0: 0x10003440] ReadUInt32 from 0x70 (DIV_QUOTIENT), returned 0x20.
13:05:05.0941 [INFO] sio: [cpu0: 0x10003440] ReadUInt32 from 0x78 (DIV_CSR), returned 0x1.
13:05:05.0941 [INFO] sio: [cpu0: 0x10003440] WriteUInt32 to 0x60 (DIV_UDIVIDEND), value 0x20.
13:05:05.0942 [INFO] sio: [cpu0: 0x10003440] WriteUInt32 to 0x64 (DIV_UDIVISOR), value 0xA.
13:05:05.0942 [INFO] sio: [cpu0: 0x10003440] ReadUInt32 from 0x74 (DIV_REMAINDER), returned 0x2.
13:05:05.0942 [INFO] sio: [cpu0: 0x10003440] ReadUInt32 from 0x70 (DIV_QUOTIENT), returned 0x3.
13:05:05.0942 [INFO] sio: [cpu0: 0x10003440] ReadUInt32 from 0x78 (DIV_CSR), returned 0x1.
13:05:05.0942 [INFO] sio: [cpu0: 0x10003440] WriteUInt32 to 0x60 (DIV_UDIVIDEND), value 0x3.
13:05:05.0943 [INFO] sio: [cpu0: 0x10003440] WriteUInt32 to 0x64 (DIV_UDIVISOR), value 0xA.
13:05:05.0943 [INFO] sio: [cpu0: 0x10003440] ReadUInt32 from 0x74 (DIV_REMAINDER), returned 0x3.
13:05:05.0943 [INFO] sio: [cpu0: 0x10003440] ReadUInt32 from 0x70 (DIV_QUOTIENT), returned 0x0.
13:05:05.0943 [INFO] sio: [cpu0: 0x10003440] ReadUInt32 from 0x78 (DIV_CSR), returned 0x1.
13:05:05.0944 [INFO] sio: [cpu0: 0x10003440] WriteUInt32 to 0x60 (DIV_UDIVIDEND), value 0x4.
13:05:05.0944 [INFO] sio: [cpu0: 0x10003440] WriteUInt32 to 0x64 (DIV_UDIVISOR), value 0xA.
13:05:05.0944 [INFO] sio: [cpu0: 0x10003440] ReadUInt32 from 0x74 (DIV_REMAINDER), returned 0x4.
13:05:05.0944 [INFO] sio: [cpu0: 0x10003440] ReadUInt32 from 0x70 (DIV_QUOTIENT), returned 0x0.
13:05:05.0944 [INFO] sio: [cpu0: 0x10003440] ReadUInt32 from 0x78 (DIV_CSR), returned 0x1.
13:05:05.0945 [INFO] sio: [cpu0: 0x10003440] WriteUInt32 to 0x60 (DIV_UDIVIDEND), value 0x4.
13:05:05.0945 [INFO] sio: [cpu0: 0x10003440] WriteUInt32 to 0x64 (DIV_UDIVISOR), value 0xA.
13:05:05.0945 [INFO] sio: [cpu0: 0x10003440] ReadUInt32 from 0x74 (DIV_REMAINDER), returned 0x4.
13:05:05.0945 [INFO] sio: [cpu0: 0x10003440] ReadUInt32 from 0x70 (DIV_QUOTIENT), returned 0x0.
13:05:05.0945 [INFO] sio: [cpu0: 0x20000164] ReadUInt32 from 0x140 (SPINLOCK_16), returned 0x10000.
13:05:05.0945 [INFO] sio: [cpu0: 0x20000178] WriteUInt32 to 0x140 (SPINLOCK_16), value 0x0.
13:05:05.0946 [INFO] sio: [cpu0: 0x10000BEC] ReadUInt32 from 0x144 (SPINLOCK_17), returned 0x20000.
13:05:05.0946 [INFO] sio: [cpu0: 0x1000113A] ReadUInt32 from 0x128 (SPINLOCK_10), returned 0x400.
13:05:05.0946 [INFO] sio: [cpu0: 0x100011AE] WriteUInt32 to 0x128 (SPINLOCK_10), value 0x0.
13:05:05.0947 [INFO] sio: [cpu0: 0x10000C80] WriteUInt32 to 0x144 (SPINLOCK_17), value 0x0.
13:05:05.0947 [INFO] sio: [cpu0: 0x10000DD2] ReadUInt32 from 0x128 (SPINLOCK_10), returned 0x400.
13:05:05.0947 [INFO] sio: [cpu0: 0x10000DE2] WriteUInt32 to 0x128 (SPINLOCK_10), value 0x0.
13:05:05.0948 [INFO] sio: [cpu0: 0x10000DD2] ReadUInt32 from 0x128 (SPINLOCK_10), returned 0x400.
13:05:05.0948 [INFO] sio: [cpu0: 0x10000DE2] WriteUInt32 to 0x128 (SPINLOCK_10), value 0x0.
13:05:05.0948 [INFO] sio: [cpu1: 0x182] ReadUInt32 from 0x50 (FIFO_ST), returned 0xA.
13:05:05.4468 [INFO] sio: [cpu0: 0x10000F20] ReadUInt32 from 0x128 (SPINLOCK_10), returned 0x400.
13:05:05.4468 [INFO] sio: [cpu0: 0x10000F6A] WriteUInt32 to 0x128 (SPINLOCK_10), value 0x0.
13:05:05.4468 [INFO] sio: [cpu0: 0x100009C6] ReadUInt32 from 0x144 (SPINLOCK_17), returned 0x20000.
13:05:05.4468 [INFO] sio: [cpu0: 0x10000A1C] WriteUInt32 to 0x144 (SPINLOCK_17), value 0x0.
13:05:05.4469 [INFO] sio: [cpu0: 0x10000872] ReadUInt32 from 0x128 (SPINLOCK_10), returned 0x400.
13:05:05.4469 [INFO] sio: [cpu0: 0x10000882] WriteUInt32 to 0x128 (SPINLOCK_10), value 0x0.
13:05:05.4469 [INFO] sio: [cpu0: 0x10000A66] ReadUInt32 from 0x144 (SPINLOCK_17), returned 0x20000.
13:05:05.4469 [INFO] sio: [cpu0: 0x10000AB2] WriteUInt32 to 0x144 (SPINLOCK_17), value 0x0.
13:05:05.4469 [INFO] sio: [cpu0: 0x100009C6] ReadUInt32 from 0x144 (SPINLOCK_17), returned 0x20000.
13:05:05.4470 [INFO] sio: [cpu0: 0x10000A1C] WriteUInt32 to 0x144 (SPINLOCK_17), value 0x0.
13:05:05.4470 [INFO] sio: [cpu0: 0x10000390] WriteUInt32 to 0x18 (GPIO_OUT_CLR), value 0x2000000.
13:05:05.4470 [INFO] sio: [cpu0: 0x200000D4] ReadUInt32 from 0x140 (SPINLOCK_16), returned 0x10000.
13:05:05.4470 [INFO] sio: [cpu0: 0x200000E0] ReadUInt32 from 0x0 (CPUID), returned 0x0.
13:05:05.4470 [INFO] sio: [cpu0: 0x20000150] WriteUInt32 to 0x140 (SPINLOCK_16), value 0x0.
13:05:05.4470 [INFO] sio: [cpu0: 0x10003440] ReadUInt32 from 0x78 (DIV_CSR), returned 0x1.
13:05:05.4471 [INFO] sio: [cpu0: 0x10003440] WriteUInt32 to 0x60 (DIV_UDIVIDEND), value 0x357910.
13:05:05.4471 [INFO] sio: [cpu0: 0x10003440] WriteUInt32 to 0x64 (DIV_UDIVISOR), value 0xA.
13:05:05.4471 [INFO] sio: [cpu0: 0x10003440] ReadUInt32 from 0x74 (DIV_REMAINDER), returned 0x0.
13:05:05.4471 [INFO] sio: [cpu0: 0x10003440] ReadUInt32 from 0x70 (DIV_QUOTIENT), returned 0x558E8.
13:05:05.4471 [INFO] sio: [cpu0: 0x10003440] ReadUInt32 from 0x78 (DIV_CSR), returned 0x1.
13:05:05.4471 [INFO] sio: [cpu0: 0x10003440] WriteUInt32 to 0x60 (DIV_UDIVIDEND), value 0x558E8.
13:05:05.4472 [INFO] sio: [cpu0: 0x10003440] WriteUInt32 to 0x64 (DIV_UDIVISOR), value 0xA.
13:05:05.4472 [INFO] sio: [cpu0: 0x10003440] ReadUInt32 from 0x74 (DIV_REMAINDER), returned 0x0.
13:05:05.4472 [INFO] sio: [cpu0: 0x10003440] ReadUInt32 from 0x70 (DIV_QUOTIENT), returned 0x88E4.
13:05:05.4472 [INFO] sio: [cpu0: 0x10003440] ReadUInt32 from 0x78 (DIV_CSR), returned 0x1.
13:05:05.4472 [INFO] sio: [cpu0: 0x10003440] WriteUInt32 to 0x60 (DIV_UDIVIDEND), value 0x88E4.
13:05:05.4472 [INFO] sio: [cpu0: 0x10003440] WriteUInt32 to 0x64 (DIV_UDIVISOR), value 0xA.
13:05:05.4473 [INFO] sio: [cpu0: 0x10003440] ReadUInt32 from 0x74 (DIV_REMAINDER), returned 0x4.
13:05:05.4473 [INFO] sio: [cpu0: 0x10003440] ReadUInt32 from 0x70 (DIV_QUOTIENT), returned 0xDB0.
13:05:05.4473 [INFO] sio: [cpu0: 0x10003440] ReadUInt32 from 0x78 (DIV_CSR), returned 0x1.
13:05:05.4473 [INFO] sio: [cpu0: 0x10003440] WriteUInt32 to 0x60 (DIV_UDIVIDEND), value 0xDB0.
13:05:05.4473 [INFO] sio: [cpu0: 0x10003440] WriteUInt32 to 0x64 (DIV_UDIVISOR), value 0xA.
13:05:05.4474 [INFO] sio: [cpu0: 0x10003440] ReadUInt32 from 0x74 (DIV_REMAINDER), returned 0x4.
13:05:05.4474 [INFO] sio: [cpu0: 0x10003440] ReadUInt32 from 0x70 (DIV_QUOTIENT), returned 0x15E.
13:05:05.4474 [INFO] sio: [cpu0: 0x10003440] ReadUInt32 from 0x78 (DIV_CSR), returned 0x1.
13:05:05.4474 [INFO] sio: [cpu0: 0x10003440] WriteUInt32 to 0x60 (DIV_UDIVIDEND), value 0x15E.
13:05:05.4474 [INFO] sio: [cpu0: 0x10003440] WriteUInt32 to 0x64 (DIV_UDIVISOR), value 0xA.
13:05:05.4475 [INFO] sio: [cpu0: 0x10003440] ReadUInt32 from 0x74 (DIV_REMAINDER), returned 0x0.
13:05:05.4475 [INFO] sio: [cpu0: 0x10003440] ReadUInt32 from 0x70 (DIV_QUOTIENT), returned 0x23.
13:05:05.4475 [INFO] sio: [cpu0: 0x10003440] ReadUInt32 from 0x78 (DIV_CSR), returned 0x1.
13:05:05.4476 [INFO] sio: [cpu0: 0x10003440] WriteUInt32 to 0x60 (DIV_UDIVIDEND), value 0x23.
13:05:05.4476 [INFO] sio: [cpu0: 0x10003440] WriteUInt32 to 0x64 (DIV_UDIVISOR), value 0xA.
13:05:05.4476 [INFO] sio: [cpu0: 0x10003440] ReadUInt32 from 0x74 (DIV_REMAINDER), returned 0x5.
13:05:05.4476 [INFO] sio: [cpu0: 0x10003440] ReadUInt32 from 0x70 (DIV_QUOTIENT), returned 0x3.
13:05:05.4476 [INFO] sio: [cpu0: 0x10003440] ReadUInt32 from 0x78 (DIV_CSR), returned 0x1.
13:05:05.4476 [INFO] sio: [cpu0: 0x10003440] WriteUInt32 to 0x60 (DIV_UDIVIDEND), value 0x3.
13:05:05.4477 [INFO] sio: [cpu0: 0x10003440] WriteUInt32 to 0x64 (DIV_UDIVISOR), value 0xA.
13:05:05.4477 [INFO] sio: [cpu0: 0x10003440] ReadUInt32 from 0x74 (DIV_REMAINDER), returned 0x3.
13:05:05.4477 [INFO] sio: [cpu0: 0x10003440] ReadUInt32 from 0x70 (DIV_QUOTIENT), returned 0x0.
13:05:05.4477 [INFO] sio: [cpu0: 0x10003440] ReadUInt32 from 0x78 (DIV_CSR), returned 0x1.
13:05:05.4477 [INFO] sio: [cpu0: 0x10003440] WriteUInt32 to 0x60 (DIV_UDIVIDEND), value 0x4.
13:05:05.4478 [INFO] sio: [cpu0: 0x10003440] WriteUInt32 to 0x64 (DIV_UDIVISOR), value 0xA.
13:05:05.4478 [INFO] sio: [cpu0: 0x10003440] ReadUInt32 from 0x74 (DIV_REMAINDER), returned 0x4.
13:05:05.4478 [INFO] sio: [cpu0: 0x10003440] ReadUInt32 from 0x70 (DIV_QUOTIENT), returned 0x0.
13:05:05.4478 [INFO] sio: [cpu0: 0x10003440] ReadUInt32 from 0x78 (DIV_CSR), returned 0x1.
13:05:05.4478 [INFO] sio: [cpu0: 0x10003440] WriteUInt32 to 0x60 (DIV_UDIVIDEND), value 0x4.
13:05:05.4479 [INFO] sio: [cpu0: 0x10003440] WriteUInt32 to 0x64 (DIV_UDIVISOR), value 0xA.
13:05:05.4479 [INFO] sio: [cpu0: 0x10003440] ReadUInt32 from 0x74 (DIV_REMAINDER), returned 0x4.
13:05:05.4479 [INFO] sio: [cpu0: 0x10003440] ReadUInt32 from 0x70 (DIV_QUOTIENT), returned 0x0.
13:05:05.4479 [INFO] sio: [cpu0: 0x20000164] ReadUInt32 from 0x140 (SPINLOCK_16), returned 0x10000.
13:05:05.4480 [INFO] sio: [cpu0: 0x20000178] WriteUInt32 to 0x140 (SPINLOCK_16), value 0x0.
13:05:05.4480 [INFO] sio: [cpu0: 0x10000BEC] ReadUInt32 from 0x144 (SPINLOCK_17), returned 0x20000.
13:05:05.4480 [INFO] sio: [cpu0: 0x1000113A] ReadUInt32 from 0x128 (SPINLOCK_10), returned 0x400.
13:05:05.4480 [INFO] sio: [cpu0: 0x100011AE] WriteUInt32 to 0x128 (SPINLOCK_10), value 0x0.
13:05:05.4480 [INFO] sio: [cpu0: 0x10000C80] WriteUInt32 to 0x144 (SPINLOCK_17), value 0x0.
13:05:05.4481 [INFO] sio: [cpu0: 0x10000DD2] ReadUInt32 from 0x128 (SPINLOCK_10), returned 0x400.
13:05:05.4481 [INFO] sio: [cpu0: 0x10000DE2] WriteUInt32 to 0x128 (SPINLOCK_10), value 0x0.
13:05:05.4481 [INFO] sio: [cpu0: 0x10000DD2] ReadUInt32 from 0x128 (SPINLOCK_10), returned 0x400.
13:05:05.4481 [INFO] sio: [cpu0: 0x10000DE2] WriteUInt32 to 0x128 (SPINLOCK_10), value 0x0.
13:05:05.4481 [INFO] sio: [cpu1: 0x182] ReadUInt32 from 0x50 (FIFO_ST), returned 0xA.
13:05:06.0504 [INFO] sio: [cpu0: 0x10000F20] ReadUInt32 from 0x128 (SPINLOCK_10), returned 0x400.
13:05:06.0507 [INFO] sio: [cpu0: 0x10000F6A] WriteUInt32 to 0x128 (SPINLOCK_10), value 0x0.
13:05:06.0508 [INFO] sio: [cpu0: 0x100009C6] ReadUInt32 from 0x144 (SPINLOCK_17), returned 0x20000.
13:05:06.0508 [INFO] sio: [cpu0: 0x10000A1C] WriteUInt32 to 0x144 (SPINLOCK_17), value 0x0.
13:05:06.0508 [INFO] sio: [cpu0: 0x10000872] ReadUInt32 from 0x128 (SPINLOCK_10), returned 0x400.
13:05:06.0509 [INFO] sio: [cpu0: 0x10000882] WriteUInt32 to 0x128 (SPINLOCK_10), value 0x0.
13:05:06.0509 [INFO] sio: [cpu0: 0x10000A66] ReadUInt32 from 0x144 (SPINLOCK_17), returned 0x20000.
13:05:06.0509 [INFO] sio: [cpu0: 0x10000AB2] WriteUInt32 to 0x144 (SPINLOCK_17), value 0x0.
13:05:06.0509 [INFO] sio: [cpu0: 0x100009C6] ReadUInt32 from 0x144 (SPINLOCK_17), returned 0x20000.
13:05:06.0510 [INFO] sio: [cpu0: 0x10000A1C] WriteUInt32 to 0x144 (SPINLOCK_17), value 0x0.
13:05:06.0510 [INFO] sio: [cpu0: 0x200000D4] ReadUInt32 from 0x140 (SPINLOCK_16), returned 0x10000.
13:05:06.0510 [INFO] sio: [cpu0: 0x200000E0] ReadUInt32 from 0x0 (CPUID), returned 0x0.
13:05:06.0510 [INFO] sio: [cpu0: 0x20000150] WriteUInt32 to 0x140 (SPINLOCK_16), value 0x0.
13:05:06.0511 [INFO] sio: [cpu0: 0x10003440] ReadUInt32 from 0x78 (DIV_CSR), returned 0x1.
13:05:06.0512 [INFO] sio: [cpu0: 0x10003440] WriteUInt32 to 0x60 (DIV_UDIVIDEND), value 0x3D1A39.
13:05:06.0512 [INFO] sio: [cpu0: 0x10003440] WriteUInt32 to 0x64 (DIV_UDIVISOR), value 0xA.
13:05:06.0512 [INFO] sio: [cpu0: 0x10003440] ReadUInt32 from 0x74 (DIV_REMAINDER), returned 0x9.
13:05:06.0513 [INFO] sio: [cpu0: 0x10003440] ReadUInt32 from 0x70 (DIV_QUOTIENT), returned 0x61C38.
13:05:06.0513 [INFO] sio: [cpu0: 0x10003440] ReadUInt32 from 0x78 (DIV_CSR), returned 0x1.
13:05:06.0514 [INFO] sio: [cpu0: 0x10003440] WriteUInt32 to 0x60 (DIV_UDIVIDEND), value 0x61C38.
13:05:06.0514 [INFO] sio: [cpu0: 0x10003440] WriteUInt32 to 0x64 (DIV_UDIVISOR), value 0xA.
13:05:06.0515 [INFO] sio: [cpu0: 0x10003440] ReadUInt32 from 0x74 (DIV_REMAINDER), returned 0x0.
13:05:06.0515 [INFO] sio: [cpu0: 0x10003440] ReadUInt32 from 0x70 (DIV_QUOTIENT), returned 0x9C6C.
13:05:06.0515 [INFO] sio: [cpu0: 0x10003440] ReadUInt32 from 0x78 (DIV_CSR), returned 0x1.
13:05:06.0516 [INFO] sio: [cpu0: 0x10003440] WriteUInt32 to 0x60 (DIV_UDIVIDEND), value 0x9C6C.
13:05:06.0516 [INFO] sio: [cpu0: 0x10003440] WriteUInt32 to 0x64 (DIV_UDIVISOR), value 0xA.
13:05:06.0516 [INFO] sio: [cpu0: 0x10003440] ReadUInt32 from 0x74 (DIV_REMAINDER), returned 0x4.
13:05:06.0516 [INFO] sio: [cpu0: 0x10003440] ReadUInt32 from 0x70 (DIV_QUOTIENT), returned 0xFA4.
13:05:06.0517 [INFO] sio: [cpu0: 0x10003440] ReadUInt32 from 0x78 (DIV_CSR), returned 0x1.
13:05:06.0517 [INFO] sio: [cpu0: 0x10003440] WriteUInt32 to 0x60 (DIV_UDIVIDEND), value 0xFA4.
13:05:06.0517 [INFO] sio: [cpu0: 0x10003440] WriteUInt32 to 0x64 (DIV_UDIVISOR), value 0xA.
13:05:06.0518 [INFO] sio: [cpu0: 0x10003440] ReadUInt32 from 0x74 (DIV_REMAINDER), returned 0x4.
13:05:06.0518 [INFO] sio: [cpu0: 0x10003440] ReadUInt32 from 0x70 (DIV_QUOTIENT), returned 0x190.
13:05:06.0518 [INFO] sio: [cpu0: 0x10003440] ReadUInt32 from 0x78 (DIV_CSR), returned 0x1.
13:05:06.0519 [INFO] sio: [cpu0: 0x10003440] WriteUInt32 to 0x60 (DIV_UDIVIDEND), value 0x190.
13:05:06.0519 [INFO] sio: [cpu0: 0x10003440] WriteUInt32 to 0x64 (DIV_UDIVISOR), value 0xA.
13:05:06.0519 [INFO] sio: [cpu0: 0x10003440] ReadUInt32 from 0x74 (DIV_REMAINDER), returned 0x0.
13:05:06.0519 [INFO] sio: [cpu0: 0x10003440] ReadUInt32 from 0x70 (DIV_QUOTIENT), returned 0x28.
13:05:06.0520 [INFO] sio: [cpu0: 0x10003440] ReadUInt32 from 0x78 (DIV_CSR), returned 0x1.
13:05:06.0520 [INFO] sio: [cpu0: 0x10003440] WriteUInt32 to 0x60 (DIV_UDIVIDEND), value 0x28.
13:05:06.0520 [INFO] sio: [cpu0: 0x10003440] WriteUInt32 to 0x64 (DIV_UDIVISOR), value 0xA.
13:05:06.0520 [INFO] sio: [cpu0: 0x10003440] ReadUInt32 from 0x74 (DIV_REMAINDER), returned 0x0.
13:05:06.0521 [INFO] sio: [cpu0: 0x10003440] ReadUInt32 from 0x70 (DIV_QUOTIENT), returned 0x4.
13:05:06.0521 [INFO] sio: [cpu0: 0x10003440] ReadUInt32 from 0x78 (DIV_CSR), returned 0x1.
13:05:06.0521 [INFO] sio: [cpu0: 0x10003440] WriteUInt32 to 0x60 (DIV_UDIVIDEND), value 0x4.
13:05:06.0522 [INFO] sio: [cpu0: 0x10003440] WriteUInt32 to 0x64 (DIV_UDIVISOR), value 0xA.
13:05:06.0522 [INFO] sio: [cpu0: 0x10003440] ReadUInt32 from 0x74 (DIV_REMAINDER), returned 0x4.
13:05:06.0522 [INFO] sio: [cpu0: 0x10003440] ReadUInt32 from 0x70 (DIV_QUOTIENT), returned 0x0.
13:05:06.0523 [INFO] sio: [cpu0: 0x20000164] ReadUInt32 from 0x140 (SPINLOCK_16), returned 0x10000.
13:05:06.0523 [INFO] sio: [cpu0: 0x20000178] WriteUInt32 to 0x140 (SPINLOCK_16), value 0x0.
13:05:06.0526 [INFO] sio: [cpu1: 0x182] ReadUInt32 from 0x50 (FIFO_ST), returned 0xA.
13:05:18.9753 [INFO] raspberry_pico: Machine paused.
13:05:18.9973 [INFO] raspberry_pico: Disposed.
